Archive member included to satisfy reference by file (symbol)

c:/st/stm32cubeide_1.5.0/stm32cubeide/plugins/com.st.stm32cube.ide.mcu.externaltools.gnu-tools-for-stm32.7-2018-q2-update.win32_1.5.0.202011040924/tools/bin/../lib/gcc/arm-none-eabi/7.3.1/../../../../arm-none-eabi/lib/thumb/v7-m\libc_nano.a(lib_a-errno.o)
                              Core/Src/syscalls.o (__errno)
c:/st/stm32cubeide_1.5.0/stm32cubeide/plugins/com.st.stm32cube.ide.mcu.externaltools.gnu-tools-for-stm32.7-2018-q2-update.win32_1.5.0.202011040924/tools/bin/../lib/gcc/arm-none-eabi/7.3.1/../../../../arm-none-eabi/lib/thumb/v7-m\libc_nano.a(lib_a-exit.o)
                              c:/st/stm32cubeide_1.5.0/stm32cubeide/plugins/com.st.stm32cube.ide.mcu.externaltools.gnu-tools-for-stm32.7-2018-q2-update.win32_1.5.0.202011040924/tools/bin/../lib/gcc/arm-none-eabi/7.3.1/../../../../arm-none-eabi/lib/thumb/v7-m/crt0.o (exit)
c:/st/stm32cubeide_1.5.0/stm32cubeide/plugins/com.st.stm32cube.ide.mcu.externaltools.gnu-tools-for-stm32.7-2018-q2-update.win32_1.5.0.202011040924/tools/bin/../lib/gcc/arm-none-eabi/7.3.1/../../../../arm-none-eabi/lib/thumb/v7-m\libc_nano.a(lib_a-fwrite.o)
                              Core/Src/main.o (fwrite)
c:/st/stm32cubeide_1.5.0/stm32cubeide/plugins/com.st.stm32cube.ide.mcu.externaltools.gnu-tools-for-stm32.7-2018-q2-update.win32_1.5.0.202011040924/tools/bin/../lib/gcc/arm-none-eabi/7.3.1/../../../../arm-none-eabi/lib/thumb/v7-m\libc_nano.a(lib_a-impure.o)
                              c:/st/stm32cubeide_1.5.0/stm32cubeide/plugins/com.st.stm32cube.ide.mcu.externaltools.gnu-tools-for-stm32.7-2018-q2-update.win32_1.5.0.202011040924/tools/bin/../lib/gcc/arm-none-eabi/7.3.1/../../../../arm-none-eabi/lib/thumb/v7-m\libc_nano.a(lib_a-exit.o) (_global_impure_ptr)
c:/st/stm32cubeide_1.5.0/stm32cubeide/plugins/com.st.stm32cube.ide.mcu.externaltools.gnu-tools-for-stm32.7-2018-q2-update.win32_1.5.0.202011040924/tools/bin/../lib/gcc/arm-none-eabi/7.3.1/../../../../arm-none-eabi/lib/thumb/v7-m\libc_nano.a(lib_a-init.o)
                              c:/st/stm32cubeide_1.5.0/stm32cubeide/plugins/com.st.stm32cube.ide.mcu.externaltools.gnu-tools-for-stm32.7-2018-q2-update.win32_1.5.0.202011040924/tools/bin/../lib/gcc/arm-none-eabi/7.3.1/../../../../arm-none-eabi/lib/thumb/v7-m/crt0.o (__libc_init_array)
c:/st/stm32cubeide_1.5.0/stm32cubeide/plugins/com.st.stm32cube.ide.mcu.externaltools.gnu-tools-for-stm32.7-2018-q2-update.win32_1.5.0.202011040924/tools/bin/../lib/gcc/arm-none-eabi/7.3.1/../../../../arm-none-eabi/lib/thumb/v7-m\libc_nano.a(lib_a-locale.o)
                              Drivers/libscpi/src/lexer.o (__locale_ctype_ptr)
c:/st/stm32cubeide_1.5.0/stm32cubeide/plugins/com.st.stm32cube.ide.mcu.externaltools.gnu-tools-for-stm32.7-2018-q2-update.win32_1.5.0.202011040924/tools/bin/../lib/gcc/arm-none-eabi/7.3.1/../../../../arm-none-eabi/lib/thumb/v7-m\libc_nano.a(lib_a-mbtowc_r.o)
                              c:/st/stm32cubeide_1.5.0/stm32cubeide/plugins/com.st.stm32cube.ide.mcu.externaltools.gnu-tools-for-stm32.7-2018-q2-update.win32_1.5.0.202011040924/tools/bin/../lib/gcc/arm-none-eabi/7.3.1/../../../../arm-none-eabi/lib/thumb/v7-m\libc_nano.a(lib_a-locale.o) (__ascii_mbtowc)
c:/st/stm32cubeide_1.5.0/stm32cubeide/plugins/com.st.stm32cube.ide.mcu.externaltools.gnu-tools-for-stm32.7-2018-q2-update.win32_1.5.0.202011040924/tools/bin/../lib/gcc/arm-none-eabi/7.3.1/../../../../arm-none-eabi/lib/thumb/v7-m\libc_nano.a(lib_a-memcpy-stub.o)
                              Drivers/libscpi/src/parser.o (memcpy)
c:/st/stm32cubeide_1.5.0/stm32cubeide/plugins/com.st.stm32cube.ide.mcu.externaltools.gnu-tools-for-stm32.7-2018-q2-update.win32_1.5.0.202011040924/tools/bin/../lib/gcc/arm-none-eabi/7.3.1/../../../../arm-none-eabi/lib/thumb/v7-m\libc_nano.a(lib_a-memmove.o)
                              Drivers/libscpi/src/parser.o (memmove)
c:/st/stm32cubeide_1.5.0/stm32cubeide/plugins/com.st.stm32cube.ide.mcu.externaltools.gnu-tools-for-stm32.7-2018-q2-update.win32_1.5.0.202011040924/tools/bin/../lib/gcc/arm-none-eabi/7.3.1/../../../../arm-none-eabi/lib/thumb/v7-m\libc_nano.a(lib_a-memset.o)
                              c:/st/stm32cubeide_1.5.0/stm32cubeide/plugins/com.st.stm32cube.ide.mcu.externaltools.gnu-tools-for-stm32.7-2018-q2-update.win32_1.5.0.202011040924/tools/bin/../lib/gcc/arm-none-eabi/7.3.1/../../../../arm-none-eabi/lib/thumb/v7-m/crt0.o (memset)
c:/st/stm32cubeide_1.5.0/stm32cubeide/plugins/com.st.stm32cube.ide.mcu.externaltools.gnu-tools-for-stm32.7-2018-q2-update.win32_1.5.0.202011040924/tools/bin/../lib/gcc/arm-none-eabi/7.3.1/../../../../arm-none-eabi/lib/thumb/v7-m\libc_nano.a(lib_a-printf.o)
                              Core/Src/main.o (printf)
[...]
Memory Configuration

Name             Origin             Length             Attributes
RAM              0x0000000020000000 0x0000000000005000 xrw
FLASH            0x0000000008000000 0x0000000000020000 xr
*default*        0x0000000000000000 0xffffffffffffffff

Linker script and memory map

LOAD c:/st/stm32cubeide_1.5.0/stm32cubeide/plugins/com.st.stm32cube.ide.mcu.externaltools.gnu-tools-for-stm32.7-2018-q2-update.win32_1.5.0.202011040924/tools/bin/../lib/gcc/arm-none-eabi/7.3.1/thumb/v7-m/crti.o
LOAD c:/st/stm32cubeide_1.5.0/stm32cubeide/plugins/com.st.stm32cube.ide.mcu.externaltools.gnu-tools-for-stm32.7-2018-q2-update.win32_1.5.0.202011040924/tools/bin/../lib/gcc/arm-none-eabi/7.3.1/thumb/v7-m/crtbegin.o
LOAD c:/st/stm32cubeide_1.5.0/stm32cubeide/plugins/com.st.stm32cube.ide.mcu.externaltools.gnu-tools-for-stm32.7-2018-q2-update.win32_1.5.0.202011040924/tools/bin/../lib/gcc/arm-none-eabi/7.3.1/../../../../arm-none-eabi/lib/thumb/v7-m/crt0.o
LOAD Core/Src/main.o
LOAD Core/Src/scpi-def.o
LOAD Core/Src/stm32f1xx_hal_msp.o
LOAD Core/Src/stm32f1xx_it.o
LOAD Core/Src/syscalls.o
LOAD Core/Src/sysmem.o
LOAD Core/Src/system_stm32f1xx.o
LOAD Core/Startup/startup_stm32f103rbtx.o
LOAD Drivers/STM32F1xx_HAL_Driver/Src/stm32f1xx_hal.o
LOAD Drivers/STM32F1xx_HAL_Driver/Src/stm32f1xx_hal_cortex.o
LOAD Drivers/STM32F1xx_HAL_Driver/Src/stm32f1xx_hal_dma.o
LOAD Drivers/STM32F1xx_HAL_Driver/Src/stm32f1xx_hal_exti.o
LOAD Drivers/STM32F1xx_HAL_Driver/Src/stm32f1xx_hal_flash.o
LOAD Drivers/STM32F1xx_HAL_Driver/Src/stm32f1xx_hal_flash_ex.o
LOAD Drivers/STM32F1xx_HAL_Driver/Src/stm32f1xx_hal_gpio.o
LOAD Drivers/STM32F1xx_HAL_Driver/Src/stm32f1xx_hal_gpio_ex.o
LOAD Drivers/STM32F1xx_HAL_Driver/Src/stm32f1xx_hal_pwr.o
LOAD Drivers/STM32F1xx_HAL_Driver/Src/stm32f1xx_hal_rcc.o
LOAD Drivers/STM32F1xx_HAL_Driver/Src/stm32f1xx_hal_rcc_ex.o
LOAD Drivers/STM32F1xx_HAL_Driver/Src/stm32f1xx_hal_tim.o
LOAD Drivers/STM32F1xx_HAL_Driver/Src/stm32f1xx_hal_tim_ex.o
LOAD Drivers/STM32F1xx_HAL_Driver/Src/stm32f1xx_hal_uart.o
LOAD Drivers/libscpi/src/error.o
LOAD Drivers/libscpi/src/expression.o
LOAD Drivers/libscpi/src/fifo.o
LOAD Drivers/libscpi/src/ieee488.o
LOAD Drivers/libscpi/src/lexer.o
LOAD Drivers/libscpi/src/minimal.o
LOAD Drivers/libscpi/src/parser.o
LOAD Drivers/libscpi/src/units.o
LOAD Drivers/libscpi/src/utils.o
START GROUP
LOAD c:/st/stm32cubeide_1.5.0/stm32cubeide/plugins/com.st.stm32cube.ide.mcu.externaltools.gnu-tools-for-stm32.7-2018-q2-update.win32_1.5.0.202011040924/tools/bin/../lib/gcc/arm-none-eabi/7.3.1/../../../../arm-none-eabi/lib/thumb/v7-m\libc_nano.a
LOAD c:/st/stm32cubeide_1.5.0/stm32cubeide/plugins/com.st.stm32cube.ide.mcu.externaltools.gnu-tools-for-stm32.7-2018-q2-update.win32_1.5.0.202011040924/tools/bin/../lib/gcc/arm-none-eabi/7.3.1/../../../../arm-none-eabi/lib/thumb/v7-m\libm.a
END GROUP
START GROUP
LOAD c:/st/stm32cubeide_1.5.0/stm32cubeide/plugins/com.st.stm32cube.ide.mcu.externaltools.gnu-tools-for-stm32.7-2018-q2-update.win32_1.5.0.202011040924/tools/bin/../lib/gcc/arm-none-eabi/7.3.1/thumb/v7-m\libgcc.a
LOAD c:/st/stm32cubeide_1.5.0/stm32cubeide/plugins/com.st.stm32cube.ide.mcu.externaltools.gnu-tools-for-stm32.7-2018-q2-update.win32_1.5.0.202011040924/tools/bin/../lib/gcc/arm-none-eabi/7.3.1/../../../../arm-none-eabi/lib/thumb/v7-m\libc_nano.a
END GROUP
START GROUP
LOAD c:/st/stm32cubeide_1.5.0/stm32cubeide/plugins/com.st.stm32cube.ide.mcu.externaltools.gnu-tools-for-stm32.7-2018-q2-update.win32_1.5.0.202011040924/tools/bin/../lib/gcc/arm-none-eabi/7.3.1/thumb/v7-m\libgcc.a
LOAD c:/st/stm32cubeide_1.5.0/stm32cubeide/plugins/com.st.stm32cube.ide.mcu.externaltools.gnu-tools-for-stm32.7-2018-q2-update.win32_1.5.0.202011040924/tools/bin/../lib/gcc/arm-none-eabi/7.3.1/../../../../arm-none-eabi/lib/thumb/v7-m\libc_nano.a
LOAD c:/st/stm32cubeide_1.5.0/stm32cubeide/plugins/com.st.stm32cube.ide.mcu.externaltools.gnu-tools-for-stm32.7-2018-q2-update.win32_1.5.0.202011040924/tools/bin/../lib/gcc/arm-none-eabi/7.3.1/../../../../arm-none-eabi/lib/thumb/v7-m\libnosys.a
END GROUP
START GROUP
LOAD c:/st/stm32cubeide_1.5.0/stm32cubeide/plugins/com.st.stm32cube.ide.mcu.externaltools.gnu-tools-for-stm32.7-2018-q2-update.win32_1.5.0.202011040924/tools/bin/../lib/gcc/arm-none-eabi/7.3.1/thumb/v7-m\libgcc.a
LOAD c:/st/stm32cubeide_1.5.0/stm32cubeide/plugins/com.st.stm32cube.ide.mcu.externaltools.gnu-tools-for-stm32.7-2018-q2-update.win32_1.5.0.202011040924/tools/bin/../lib/gcc/arm-none-eabi/7.3.1/../../../../arm-none-eabi/lib/thumb/v7-m\libc_nano.a
LOAD c:/st/stm32cubeide_1.5.0/stm32cubeide/plugins/com.st.stm32cube.ide.mcu.externaltools.gnu-tools-for-stm32.7-2018-q2-update.win32_1.5.0.202011040924/tools/bin/../lib/gcc/arm-none-eabi/7.3.1/../../../../arm-none-eabi/lib/thumb/v7-m\libnosys.a
END GROUP
LOAD c:/st/stm32cubeide_1.5.0/stm32cubeide/plugins/com.st.stm32cube.ide.mcu.externaltools.gnu-tools-for-stm32.7-2018-q2-update.win32_1.5.0.202011040924/tools/bin/../lib/gcc/arm-none-eabi/7.3.1/thumb/v7-m/crtend.o
LOAD c:/st/stm32cubeide_1.5.0/stm32cubeide/plugins/com.st.stm32cube.ide.mcu.externaltools.gnu-tools-for-stm32.7-2018-q2-update.win32_1.5.0.202011040924/tools/bin/../lib/gcc/arm-none-eabi/7.3.1/thumb/v7-m/crtn.o
                0x0000000020005000                _estack = (ORIGIN (RAM) + LENGTH (RAM))
                0x0000000000000200                _Min_Heap_Size = 0x200
                0x0000000000000400                _Min_Stack_Size = 0x400

.isr_vector     0x0000000008000000      0x10c
                0x0000000008000000                . = ALIGN (0x4)
 *(.isr_vector)
 .isr_vector    0x0000000008000000      0x10c Core/Startup/startup_stm32f103rbtx.o
                0x0000000008000000                g_pfnVectors
                0x000000000800010c                . = ALIGN (0x4)

.text           0x000000000800010c     0x65a0
                0x000000000800010c                . = ALIGN (0x4)
 *(.text)
 .text          0x000000000800010c       0x40 c:/st/stm32cubeide_1.5.0/stm32cubeide/plugins/com.st.stm32cube.ide.mcu.externaltools.gnu-tools-for-stm32.7-2018-q2-update.win32_1.5.0.202011040924/tools/bin/../lib/gcc/arm-none-eabi/7.3.1/thumb/v7-m/crtbegin.o
 .text          0x000000000800014c       0x10 c:/st/stm32cubeide_1.5.0/stm32cubeide/plugins/com.st.stm32cube.ide.mcu.externaltools.gnu-tools-for-stm32.7-2018-q2-update.win32_1.5.0.202011040924/tools/bin/../lib/gcc/arm-none-eabi/7.3.1/../../../../arm-none-eabi/lib/thumb/v7-m\libc_nano.a(lib_a-strlen.o)
                0x000000000800014c                strlen
 *(.text*)
 .text.SCPI_Write
                0x000000000800015c       0x2c Core/Src/main.o
                0x000000000800015c                SCPI_Write
 .text.SCPI_Error
                0x0000000008000188       0x16 Core/Src/main.o
                0x0000000008000188                SCPI_Error
 .text.SCPI_Control
                0x000000000800019e       0x1c Core/Src/main.o
                0x000000000800019e                SCPI_Control
 .text.SCPI_Reset
                0x00000000080001ba       0x14 Core/Src/main.o
                0x00000000080001ba                SCPI_Reset
 .text.SCPI_Flush
                0x00000000080001ce       0x14 Core/Src/main.o
                0x00000000080001ce                SCPI_Flush
 *fill*         0x00000000080001e2        0x2 
 .text.main     0x00000000080001e4       0xa8 Core/Src/main.o
                0x00000000080001e4                main
 .text.SystemClock_Config
                0x000000000800028c       0x82 Core/Src/main.o
                0x000000000800028c                SystemClock_Config
 *fill*         0x000000000800030e        0x2 
 .text.MX_USART2_UART_Init
                0x0000000008000310       0x54 Core/Src/main.o
 .text.MX_GPIO_Init
                0x0000000008000364       0xdc Core/Src/main.o
 .text.__io_putchar
                0x0000000008000440       0x24 Core/Src/main.o
                0x0000000008000440                __io_putchar
 .text.Error_Handler
                0x0000000008000464        0x8 Core/Src/main.o
                0x0000000008000464                Error_Handler
 .text.My_CoreTstQ
                0x000000000800046c       0x1a Core/Src/scpi-def.o
 *fill*         0x0000000008000486        0x2 
 .text.HAL_MspInit
                0x0000000008000488       0x64 Core/Src/stm32f1xx_hal_msp.o
                0x0000000008000488                HAL_MspInit
 .text.HAL_UART_MspInit
                0x00000000080004ec       0x8c Core/Src/stm32f1xx_hal_msp.o
                0x00000000080004ec                HAL_UART_MspInit
 .text.NMI_Handler
                0x0000000008000578        0x6 Core/Src/stm32f1xx_it.o
                0x0000000008000578                NMI_Handler
 .text.HardFault_Handler
                0x000000000800057e        0x6 Core/Src/stm32f1xx_it.o
                0x000000000800057e                HardFault_Handler
 .text.MemManage_Handler
                0x0000000008000584        0x6 Core/Src/stm32f1xx_it.o
                0x0000000008000584                MemManage_Handler
 .text.BusFault_Handler
                0x000000000800058a        0x6 Core/Src/stm32f1xx_it.o
                0x000000000800058a                BusFault_Handler
 .text.UsageFault_Handler
                0x0000000008000590        0x6 Core/Src/stm32f1xx_it.o
                0x0000000008000590                UsageFault_Handler
 .text.SVC_Handler
                0x0000000008000596        0xc Core/Src/stm32f1xx_it.o
                0x0000000008000596                SVC_Handler
 .text.DebugMon_Handler
                0x00000000080005a2        0xc Core/Src/stm32f1xx_it.o
                0x00000000080005a2                DebugMon_Handler
 .text.PendSV_Handler
                0x00000000080005ae        0xc Core/Src/stm32f1xx_it.o
                0x00000000080005ae                PendSV_Handler
 .text.SysTick_Handler
                0x00000000080005ba        0xc Core/Src/stm32f1xx_it.o
                0x00000000080005ba                SysTick_Handler
 *fill*         0x00000000080005c6        0x2 
 .text.USART2_IRQHandler
                0x00000000080005c8       0x40 Core/Src/stm32f1xx_it.o
                0x00000000080005c8                USART2_IRQHandler
 .text.EXTI15_10_IRQHandler
                0x0000000008000608       0x10 Core/Src/stm32f1xx_it.o
                0x0000000008000608                EXTI15_10_IRQHandler
 .text._read    0x0000000008000618       0x3a Core/Src/syscalls.o
                0x0000000008000618                _read
 .text._write   0x0000000008000652       0x38 Core/Src/syscalls.o
                0x0000000008000652                _write
 .text._close   0x000000000800068a       0x16 Core/Src/syscalls.o
                0x000000000800068a                _close
 .text._fstat   0x00000000080006a0       0x1e Core/Src/syscalls.o
                0x00000000080006a0                _fstat
 .text._isatty  0x00000000080006be       0x14 Core/Src/syscalls.o
                0x00000000080006be                _isatty
 .text._lseek   0x00000000080006d2       0x18 Core/Src/syscalls.o
                0x00000000080006d2                _lseek
 *fill*         0x00000000080006ea        0x2 
 .text._sbrk    0x00000000080006ec       0x6c Core/Src/sysmem.o
                0x00000000080006ec                _sbrk
 .text.SystemInit
                0x0000000008000758        0xc Core/Src/system_stm32f1xx.o
                0x0000000008000758                SystemInit
 .text.Reset_Handler
                0x0000000008000764       0x48 Core/Startup/startup_stm32f103rbtx.o
                0x0000000008000764                Reset_Handler
 .text.Default_Handler
                0x00000000080007ac        0x2 Core/Startup/startup_stm32f103rbtx.o
                0x00000000080007ac                RTC_Alarm_IRQHandler
                0x00000000080007ac                EXTI2_IRQHandler
                0x00000000080007ac                TIM1_CC_IRQHandler
                0x00000000080007ac                PVD_IRQHandler
                0x00000000080007ac                EXTI3_IRQHandler
                0x00000000080007ac                EXTI0_IRQHandler
                0x00000000080007ac                I2C2_EV_IRQHandler
                0x00000000080007ac                ADC1_2_IRQHandler
                0x00000000080007ac                SPI1_IRQHandler
                0x00000000080007ac                TAMPER_IRQHandler
                0x00000000080007ac                DMA1_Channel4_IRQHandler
                0x00000000080007ac                USART3_IRQHandler
                0x00000000080007ac                RTC_IRQHandler
                0x00000000080007ac                DMA1_Channel7_IRQHandler
                0x00000000080007ac                CAN1_RX1_IRQHandler
                0x00000000080007ac                TIM4_IRQHandler
                0x00000000080007ac                I2C1_EV_IRQHandler
                0x00000000080007ac                DMA1_Channel6_IRQHandler
                0x00000000080007ac                TIM3_IRQHandler
                0x00000000080007ac                RCC_IRQHandler
                0x00000000080007ac                TIM1_TRG_COM_IRQHandler
                0x00000000080007ac                DMA1_Channel1_IRQHandler
                0x00000000080007ac                Default_Handler
                0x00000000080007ac                EXTI9_5_IRQHandler
                0x00000000080007ac                SPI2_IRQHandler
                0x00000000080007ac                DMA1_Channel5_IRQHandler
                0x00000000080007ac                EXTI4_IRQHandler
                0x00000000080007ac                USB_LP_CAN1_RX0_IRQHandler
                0x00000000080007ac                USB_HP_CAN1_TX_IRQHandler
                0x00000000080007ac                DMA1_Channel3_IRQHandler
                0x00000000080007ac                TIM1_UP_IRQHandler
                0x00000000080007ac                WWDG_IRQHandler
                0x00000000080007ac                TIM2_IRQHandler
                0x00000000080007ac                TIM1_BRK_IRQHandler
                0x00000000080007ac                EXTI1_IRQHandler
                0x00000000080007ac                I2C2_ER_IRQHandler
                0x00000000080007ac                DMA1_Channel2_IRQHandler
                0x00000000080007ac                CAN1_SCE_IRQHandler
                0x00000000080007ac                FLASH_IRQHandler
                0x00000000080007ac                USART1_IRQHandler
                0x00000000080007ac                I2C1_ER_IRQHandler
                0x00000000080007ac                USBWakeUp_IRQHandler
 *fill*         0x00000000080007ae        0x2 
 .text.HAL_Init
                0x00000000080007b0       0x2c Drivers/STM32F1xx_HAL_Driver/Src/stm32f1xx_hal.o
                0x00000000080007b0                HAL_Init
 .text.HAL_InitTick
                0x00000000080007dc       0x60 Drivers/STM32F1xx_HAL_Driver/Src/stm32f1xx_hal.o
                0x00000000080007dc                HAL_InitTick
 .text.HAL_IncTick
                0x000000000800083c       0x24 Drivers/STM32F1xx_HAL_Driver/Src/stm32f1xx_hal.o
                0x000000000800083c                HAL_IncTick
 .text.HAL_GetTick
                0x0000000008000860       0x14 Drivers/STM32F1xx_HAL_Driver/Src/stm32f1xx_hal.o
                0x0000000008000860                HAL_GetTick
 .text.HAL_Delay
                0x0000000008000874       0x44 Drivers/STM32F1xx_HAL_Driver/Src/stm32f1xx_hal.o
                0x0000000008000874                HAL_Delay
 .text.__NVIC_SetPriorityGrouping
                0x00000000080008b8       0x48 Drivers/STM32F1xx_HAL_Driver/Src/stm32f1xx_hal_cortex.o
 .text.__NVIC_GetPriorityGrouping
                0x0000000008000900       0x1c Drivers/STM32F1xx_HAL_Driver/Src/stm32f1xx_hal_cortex.o
 .text.__NVIC_EnableIRQ
                0x000000000800091c       0x38 Drivers/STM32F1xx_HAL_Driver/Src/stm32f1xx_hal_cortex.o
 .text.__NVIC_SetPriority
                0x0000000008000954       0x54 Drivers/STM32F1xx_HAL_Driver/Src/stm32f1xx_hal_cortex.o
 .text.NVIC_EncodePriority
                0x00000000080009a8       0x64 Drivers/STM32F1xx_HAL_Driver/Src/stm32f1xx_hal_cortex.o
 .text.SysTick_Config
                0x0000000008000a0c       0x44 Drivers/STM32F1xx_HAL_Driver/Src/stm32f1xx_hal_cortex.o
 .text.HAL_NVIC_SetPriorityGrouping
                0x0000000008000a50       0x16 Drivers/STM32F1xx_HAL_Driver/Src/stm32f1xx_hal_cortex.o
                0x0000000008000a50                HAL_NVIC_SetPriorityGrouping
 .text.HAL_NVIC_SetPriority
                0x0000000008000a66       0x38 Drivers/STM32F1xx_HAL_Driver/Src/stm32f1xx_hal_cortex.o
                0x0000000008000a66                HAL_NVIC_SetPriority
 .text.HAL_NVIC_EnableIRQ
                0x0000000008000a9e       0x1c Drivers/STM32F1xx_HAL_Driver/Src/stm32f1xx_hal_cortex.o
                0x0000000008000a9e                HAL_NVIC_EnableIRQ
 .text.HAL_SYSTICK_Config
                0x0000000008000aba       0x18 Drivers/STM32F1xx_HAL_Driver/Src/stm32f1xx_hal_cortex.o
                0x0000000008000aba                HAL_SYSTICK_Config
 *fill*         0x0000000008000ad2        0x2 
 .text.HAL_DMA_Abort_IT
                0x0000000008000ad4       0xec Drivers/STM32F1xx_HAL_Driver/Src/stm32f1xx_hal_dma.o
                0x0000000008000ad4                HAL_DMA_Abort_IT
 .text.HAL_GPIO_Init
                0x0000000008000bc0      0x2b4 Drivers/STM32F1xx_HAL_Driver/Src/stm32f1xx_hal_gpio.o
                0x0000000008000bc0                HAL_GPIO_Init
 .text.HAL_GPIO_WritePin
                0x0000000008000e74       0x30 Drivers/STM32F1xx_HAL_Driver/Src/stm32f1xx_hal_gpio.o
                0x0000000008000e74                HAL_GPIO_WritePin
 .text.HAL_GPIO_TogglePin
                0x0000000008000ea4       0x32 Drivers/STM32F1xx_HAL_Driver/Src/stm32f1xx_hal_gpio.o
                0x0000000008000ea4                HAL_GPIO_TogglePin
 *fill*         0x0000000008000ed6        0x2 
 .text.HAL_GPIO_EXTI_IRQHandler
                0x0000000008000ed8       0x30 Drivers/STM32F1xx_HAL_Driver/Src/stm32f1xx_hal_gpio.o
                0x0000000008000ed8                HAL_GPIO_EXTI_IRQHandler
 .text.HAL_GPIO_EXTI_Callback
                0x0000000008000f08       0x14 Drivers/STM32F1xx_HAL_Driver/Src/stm32f1xx_hal_gpio.o
                0x0000000008000f08                HAL_GPIO_EXTI_Callback
 .text.HAL_RCC_OscConfig
                0x0000000008000f1c      0x500 Drivers/STM32F1xx_HAL_Driver/Src/stm32f1xx_hal_rcc.o
                0x0000000008000f1c                HAL_RCC_OscConfig
 .text.HAL_RCC_ClockConfig
                0x000000000800141c      0x1d4 Drivers/STM32F1xx_HAL_Driver/Src/stm32f1xx_hal_rcc.o
                0x000000000800141c                HAL_RCC_ClockConfig
 .text.HAL_RCC_GetSysClockFreq
                0x00000000080015f0       0xc4 Drivers/STM32F1xx_HAL_Driver/Src/stm32f1xx_hal_rcc.o
                0x00000000080015f0                HAL_RCC_GetSysClockFreq
 .text.HAL_RCC_GetHCLKFreq
                0x00000000080016b4       0x14 Drivers/STM32F1xx_HAL_Driver/Src/stm32f1xx_hal_rcc.o
                0x00000000080016b4                HAL_RCC_GetHCLKFreq
 .text.HAL_RCC_GetPCLK1Freq
                0x00000000080016c8       0x28 Drivers/STM32F1xx_HAL_Driver/Src/stm32f1xx_hal_rcc.o
                0x00000000080016c8                HAL_RCC_GetPCLK1Freq
 .text.HAL_RCC_GetPCLK2Freq
                0x00000000080016f0       0x28 Drivers/STM32F1xx_HAL_Driver/Src/stm32f1xx_hal_rcc.o
                0x00000000080016f0                HAL_RCC_GetPCLK2Freq
 .text.RCC_Delay
                0x0000000008001718       0x3c Drivers/STM32F1xx_HAL_Driver/Src/stm32f1xx_hal_rcc.o
 .text.HAL_UART_Init
                0x0000000008001754       0x9a Drivers/STM32F1xx_HAL_Driver/Src/stm32f1xx_hal_uart.o
                0x0000000008001754                HAL_UART_Init
 .text.HAL_UART_Transmit
                0x00000000080017ee      0x124 Drivers/STM32F1xx_HAL_Driver/Src/stm32f1xx_hal_uart.o
                0x00000000080017ee                HAL_UART_Transmit
 .text.HAL_UART_Receive_IT
                0x0000000008001912       0xa8 Drivers/STM32F1xx_HAL_Driver/Src/stm32f1xx_hal_uart.o
                0x0000000008001912                HAL_UART_Receive_IT
 *fill*         0x00000000080019ba        0x2 
 .text.HAL_UART_IRQHandler
                0x00000000080019bc      0x200 Drivers/STM32F1xx_HAL_Driver/Src/stm32f1xx_hal_uart.o
                0x00000000080019bc                HAL_UART_IRQHandler
 .text.HAL_UART_TxCpltCallback
                0x0000000008001bbc       0x12 Drivers/STM32F1xx_HAL_Driver/Src/stm32f1xx_hal_uart.o
                0x0000000008001bbc                HAL_UART_TxCpltCallback
 .text.HAL_UART_RxCpltCallback
                0x0000000008001bce       0x12 Drivers/STM32F1xx_HAL_Driver/Src/stm32f1xx_hal_uart.o
                0x0000000008001bce                HAL_UART_RxCpltCallback
 .text.HAL_UART_ErrorCallback
                0x0000000008001be0       0x12 Drivers/STM32F1xx_HAL_Driver/Src/stm32f1xx_hal_uart.o
                0x0000000008001be0                HAL_UART_ErrorCallback
 .text.UART_WaitOnFlagUntilTimeout
                0x0000000008001bf2       0x94 Drivers/STM32F1xx_HAL_Driver/Src/stm32f1xx_hal_uart.o
 .text.UART_EndRxTransfer
                0x0000000008001c86       0x3a Drivers/STM32F1xx_HAL_Driver/Src/stm32f1xx_hal_uart.o
 .text.UART_DMAAbortOnError
                0x0000000008001cc0       0x28 Drivers/STM32F1xx_HAL_Driver/Src/stm32f1xx_hal_uart.o
 .text.UART_Transmit_IT
                0x0000000008001ce8       0x9e Drivers/STM32F1xx_HAL_Driver/Src/stm32f1xx_hal_uart.o
 .text.UART_EndTransmit_IT
                0x0000000008001d86       0x30 Drivers/STM32F1xx_HAL_Driver/Src/stm32f1xx_hal_uart.o
 .text.UART_Receive_IT
                0x0000000008001db6      0x100 Drivers/STM32F1xx_HAL_Driver/Src/stm32f1xx_hal_uart.o
 *fill*         0x0000000008001eb6        0x2 
 .text.UART_SetConfig
                0x0000000008001eb8      0x11c Drivers/STM32F1xx_HAL_Driver/Src/stm32f1xx_hal_uart.o
 .text.SCPI_ErrorInit
                0x0000000008001fd4       0x26 Drivers/libscpi/src/error.o
                0x0000000008001fd4                SCPI_ErrorInit
 .text.SCPI_ErrorEmitEmpty
                0x0000000008001ffa       0x56 Drivers/libscpi/src/error.o
 .text.SCPI_ErrorEmit
                0x0000000008002050       0x40 Drivers/libscpi/src/error.o
 .text.SCPI_ErrorClear
                0x0000000008002090       0x20 Drivers/libscpi/src/error.o
                0x0000000008002090                SCPI_ErrorClear
 .text.SCPI_ErrorPop
                0x00000000080020b0       0x3c Drivers/libscpi/src/error.o
                0x00000000080020b0                SCPI_ErrorPop
 .text.SCPI_ErrorCount
                0x00000000080020ec       0x28 Drivers/libscpi/src/error.o
                0x00000000080020ec                SCPI_ErrorCount
 .text.SCPI_ErrorAddInternal
                0x0000000008002114       0x68 Drivers/libscpi/src/error.o
 .text.SCPI_ErrorPushEx
                0x000000000800217c       0xec Drivers/libscpi/src/error.o
                0x000000000800217c                SCPI_ErrorPushEx
 .text.SCPI_ErrorPush
                0x0000000008002268       0x22 Drivers/libscpi/src/error.o
                0x0000000008002268                SCPI_ErrorPush
 *fill*         0x000000000800228a        0x2 
 .text.SCPI_ErrorTranslate
                0x000000000800228c      0x120 Drivers/libscpi/src/error.o
                0x000000000800228c                SCPI_ErrorTranslate
 .text.fifo_init
                0x00000000080023ac       0x36 Drivers/libscpi/src/fifo.o
                0x00000000080023ac                fifo_init
 .text.fifo_clear
                0x00000000080023e2       0x24 Drivers/libscpi/src/fifo.o
                0x00000000080023e2                fifo_clear
 .text.fifo_is_empty
                0x0000000008002406       0x22 Drivers/libscpi/src/fifo.o
                0x0000000008002406                fifo_is_empty
 .text.fifo_is_full
                0x0000000008002428       0x28 Drivers/libscpi/src/fifo.o
                0x0000000008002428                fifo_is_full
 .text.fifo_add
                0x0000000008002450       0x72 Drivers/libscpi/src/fifo.o
                0x0000000008002450                fifo_add
 .text.fifo_remove
                0x00000000080024c2       0x6e Drivers/libscpi/src/fifo.o
                0x00000000080024c2                fifo_remove
 .text.fifo_remove_last
                0x0000000008002530       0x78 Drivers/libscpi/src/fifo.o
                0x0000000008002530                fifo_remove_last
 .text.fifo_count
                0x00000000080025a8       0x20 Drivers/libscpi/src/fifo.o
                0x00000000080025a8                fifo_count
 .text.regUpdate
                0x00000000080025c8       0x2c Drivers/libscpi/src/ieee488.o
 .text.regUpdateEvent
                0x00000000080025f4       0x48 Drivers/libscpi/src/ieee488.o
 .text.regUpdateSTB
                0x000000000800263c       0x54 Drivers/libscpi/src/ieee488.o
 .text.SCPI_RegGet
                0x0000000008002690       0x30 Drivers/libscpi/src/ieee488.o
                0x0000000008002690                SCPI_RegGet
 .text.writeControl
                0x00000000080026c0       0x44 Drivers/libscpi/src/ieee488.o
 .text.SCPI_RegSet
                0x0000000008002704      0x154 Drivers/libscpi/src/ieee488.o
                0x0000000008002704                SCPI_RegSet
 .text.SCPI_RegSetBits
                0x0000000008002858       0x36 Drivers/libscpi/src/ieee488.o
                0x0000000008002858                SCPI_RegSetBits
 .text.SCPI_RegClearBits
                0x000000000800288e       0x3e Drivers/libscpi/src/ieee488.o
                0x000000000800288e                SCPI_RegClearBits
 .text.SCPI_EventClear
                0x00000000080028cc       0x1a Drivers/libscpi/src/ieee488.o
                0x00000000080028cc                SCPI_EventClear
 .text.SCPI_CoreCls
                0x00000000080028e6       0x32 Drivers/libscpi/src/ieee488.o
                0x00000000080028e6                SCPI_CoreCls
 .text.SCPI_CoreEse
                0x0000000008002918       0x3a Drivers/libscpi/src/ieee488.o
                0x0000000008002918                SCPI_CoreEse
 .text.SCPI_CoreEseQ
                0x0000000008002952       0x24 Drivers/libscpi/src/ieee488.o
                0x0000000008002952                SCPI_CoreEseQ
 .text.SCPI_CoreEsrQ
                0x0000000008002976       0x2e Drivers/libscpi/src/ieee488.o
                0x0000000008002976                SCPI_CoreEsrQ
 .text.SCPI_CoreIdnQ
                0x00000000080029a4       0x70 Drivers/libscpi/src/ieee488.o
                0x00000000080029a4                SCPI_CoreIdnQ
 .text.SCPI_CoreOpc
                0x0000000008002a14       0x1c Drivers/libscpi/src/ieee488.o
                0x0000000008002a14                SCPI_CoreOpc
 .text.SCPI_CoreOpcQ
                0x0000000008002a30       0x1a Drivers/libscpi/src/ieee488.o
                0x0000000008002a30                SCPI_CoreOpcQ
 .text.SCPI_CoreRst
                0x0000000008002a4a       0x38 Drivers/libscpi/src/ieee488.o
                0x0000000008002a4a                SCPI_CoreRst
 .text.SCPI_CoreSre
                0x0000000008002a82       0x3a Drivers/libscpi/src/ieee488.o
                0x0000000008002a82                SCPI_CoreSre
 .text.SCPI_CoreSreQ
                0x0000000008002abc       0x24 Drivers/libscpi/src/ieee488.o
                0x0000000008002abc                SCPI_CoreSreQ
 .text.SCPI_CoreStbQ
                0x0000000008002ae0       0x24 Drivers/libscpi/src/ieee488.o
                0x0000000008002ae0                SCPI_CoreStbQ
 .text.SCPI_CoreWai
                0x0000000008002b04       0x14 Drivers/libscpi/src/ieee488.o
                0x0000000008002b04                SCPI_CoreWai
 .text.isws     0x0000000008002b18       0x24 Drivers/libscpi/src/lexer.o
 .text.isbdigit
                0x0000000008002b3c       0x24 Drivers/libscpi/src/lexer.o
 .text.isqdigit
                0x0000000008002b60       0x48 Drivers/libscpi/src/lexer.o
 .text.iseos    0x0000000008002ba8       0x2a Drivers/libscpi/src/lexer.o
 .text.scpiLex_IsEos
                0x0000000008002bd2       0x18 Drivers/libscpi/src/lexer.o
                0x0000000008002bd2                scpiLex_IsEos
 .text.ischr    0x0000000008002bea       0x28 Drivers/libscpi/src/lexer.o
 .text.isplusmn
                0x0000000008002c12       0x24 Drivers/libscpi/src/lexer.o
 .text.isH      0x0000000008002c36       0x24 Drivers/libscpi/src/lexer.o
 .text.isB      0x0000000008002c5a       0x24 Drivers/libscpi/src/lexer.o
 .text.isQ      0x0000000008002c7e       0x24 Drivers/libscpi/src/lexer.o
 .text.isE      0x0000000008002ca2       0x24 Drivers/libscpi/src/lexer.o
 .text.skipWs   0x0000000008002cc6       0x46 Drivers/libscpi/src/lexer.o
 .text.skipDigit
                0x0000000008002d0c       0x46 Drivers/libscpi/src/lexer.o
 .text.skipNumbers
                0x0000000008002d52       0x4e Drivers/libscpi/src/lexer.o
 .text.skipPlusmn
                0x0000000008002da0       0x3e Drivers/libscpi/src/lexer.o
 .text.skipAlpha
                0x0000000008002dde       0x4e Drivers/libscpi/src/lexer.o
 .text.skipChr  0x0000000008002e2c       0x40 Drivers/libscpi/src/lexer.o
 .text.skipSlashDot
                0x0000000008002e6c       0x46 Drivers/libscpi/src/lexer.o
 .text.skipStar
                0x0000000008002eb2       0x3a Drivers/libscpi/src/lexer.o
 .text.skipColon
                0x0000000008002eec       0x3a Drivers/libscpi/src/lexer.o
 .text.skipProgramMnemonic
                0x0000000008002f26       0xa6 Drivers/libscpi/src/lexer.o
 .text.scpiLex_WhiteSpace
                0x0000000008002fcc       0x4a Drivers/libscpi/src/lexer.o
                0x0000000008002fcc                scpiLex_WhiteSpace
 .text.skipCommonProgramHeader
                0x0000000008003016       0x58 Drivers/libscpi/src/lexer.o
 .text.skipCompoundProgramHeader
                0x000000000800306e       0x6e Drivers/libscpi/src/lexer.o
 .text.scpiLex_ProgramHeader
                0x00000000080030dc       0xc4 Drivers/libscpi/src/lexer.o
                0x00000000080030dc                scpiLex_ProgramHeader
 .text.scpiLex_CharacterProgramData
                0x00000000080031a0       0xb4 Drivers/libscpi/src/lexer.o
                0x00000000080031a0                scpiLex_CharacterProgramData
 .text.skipMantisa
                0x0000000008003254       0x46 Drivers/libscpi/src/lexer.o
 .text.skipExponent
                0x000000000800329a       0x52 Drivers/libscpi/src/lexer.o
 .text.scpiLex_DecimalNumericProgramData
                0x00000000080032ec       0x78 Drivers/libscpi/src/lexer.o
                0x00000000080032ec                scpiLex_DecimalNumericProgramData
 .text.scpiLex_SuffixProgramData
                0x0000000008003364       0x96 Drivers/libscpi/src/lexer.o
                0x0000000008003364                scpiLex_SuffixProgramData
 .text.skipHexNum
                0x00000000080033fa       0x4e Drivers/libscpi/src/lexer.o
 .text.skipOctNum
                0x0000000008003448       0x46 Drivers/libscpi/src/lexer.o
 .text.skipBinNum
                0x000000000800348e       0x46 Drivers/libscpi/src/lexer.o
 .text.scpiLex_NondecimalNumericData
                0x00000000080034d4      0x102 Drivers/libscpi/src/lexer.o
                0x00000000080034d4                scpiLex_NondecimalNumericData
 .text.isascii7bit
                0x00000000080035d6       0x24 Drivers/libscpi/src/lexer.o
 .text.skipQuoteProgramData
                0x00000000080035fa       0xa2 Drivers/libscpi/src/lexer.o
 .text.skipDoubleQuoteProgramData
                0x000000000800369c       0x18 Drivers/libscpi/src/lexer.o
 .text.skipSingleQuoteProgramData
                0x00000000080036b4       0x18 Drivers/libscpi/src/lexer.o
 .text.scpiLex_StringProgramData
                0x00000000080036cc      0x120 Drivers/libscpi/src/lexer.o
                0x00000000080036cc                scpiLex_StringProgramData
 .text.isNonzeroDigit
                0x00000000080037ec       0x32 Drivers/libscpi/src/lexer.o
 .text.scpiLex_ArbitraryBlockProgramData
                0x000000000800381e      0x180 Drivers/libscpi/src/lexer.o
                0x000000000800381e                scpiLex_ArbitraryBlockProgramData
 .text.isProgramExpression
                0x000000000800399e       0x48 Drivers/libscpi/src/lexer.o
 .text.skipProgramExpression
                0x00000000080039e6       0x3a Drivers/libscpi/src/lexer.o
 .text.scpiLex_ProgramExpression
                0x0000000008003a20       0xa8 Drivers/libscpi/src/lexer.o
                0x0000000008003a20                scpiLex_ProgramExpression
 .text.scpiLex_Comma
                0x0000000008003ac8       0x46 Drivers/libscpi/src/lexer.o
                0x0000000008003ac8                scpiLex_Comma
 .text.scpiLex_Semicolon
                0x0000000008003b0e       0x46 Drivers/libscpi/src/lexer.o
                0x0000000008003b0e                scpiLex_Semicolon
 .text.scpiLex_NewLine
                0x0000000008003b54       0x62 Drivers/libscpi/src/lexer.o
                0x0000000008003b54                scpiLex_NewLine
 *fill*         0x0000000008003bb6        0x2 
 .text.SCPI_SystemVersionQ
                0x0000000008003bb8       0x20 Drivers/libscpi/src/minimal.o
                0x0000000008003bb8                SCPI_SystemVersionQ
 .text.SCPI_SystemErrorNextQ
                0x0000000008003bd8       0x2a Drivers/libscpi/src/minimal.o
                0x0000000008003bd8                SCPI_SystemErrorNextQ
 .text.SCPI_SystemErrorCountQ
                0x0000000008003c02       0x22 Drivers/libscpi/src/minimal.o
                0x0000000008003c02                SCPI_SystemErrorCountQ
 .text.writeData
                0x0000000008003c24       0x2e Drivers/libscpi/src/parser.o
 .text.flushData
                0x0000000008003c52       0x38 Drivers/libscpi/src/parser.o
 *fill*         0x0000000008003c8a        0x2 
 .text.writeDelimiter
                0x0000000008003c8c       0x2c Drivers/libscpi/src/parser.o
 .text.writeNewLine
                0x0000000008003cb8       0x34 Drivers/libscpi/src/parser.o
 .text.writeSemicolon
                0x0000000008003cec       0x2c Drivers/libscpi/src/parser.o
 .text.processCommand
                0x0000000008003d18       0xb8 Drivers/libscpi/src/parser.o
 .text.findCommandHeader
                0x0000000008003dd0       0x70 Drivers/libscpi/src/parser.o
 .text.SCPI_Parse
                0x0000000008003e40      0x150 Drivers/libscpi/src/parser.o
                0x0000000008003e40                SCPI_Parse
 .text.SCPI_Init
                0x0000000008003f90       0x72 Drivers/libscpi/src/parser.o
                0x0000000008003f90                SCPI_Init
 .text.SCPI_Input
                0x0000000008004002      0x14c Drivers/libscpi/src/parser.o
                0x0000000008004002                SCPI_Input
 .text.SCPI_ResultCharacters
                0x000000000800414e       0x44 Drivers/libscpi/src/parser.o
                0x000000000800414e                SCPI_ResultCharacters
 *fill*         0x0000000008004192        0x2 
 .text.getBasePrefix
                0x0000000008004194       0x40 Drivers/libscpi/src/parser.o
 .text.resultUInt32BaseSign
                0x00000000080041d4       0x8e Drivers/libscpi/src/parser.o
 .text.SCPI_ResultInt32
                0x0000000008004262       0x20 Drivers/libscpi/src/parser.o
                0x0000000008004262                SCPI_ResultInt32
 *fill*         0x0000000008004282        0x2 
 .text.SCPI_ResultError
                0x0000000008004284      0x238 Drivers/libscpi/src/parser.o
                0x0000000008004284                SCPI_ResultError
 .text.invalidateToken
                0x00000000080044bc       0x26 Drivers/libscpi/src/parser.o
 *fill*         0x00000000080044e2        0x2 
 .text.SCPI_Parameter
                0x00000000080044e4      0x100 Drivers/libscpi/src/parser.o
                0x00000000080044e4                SCPI_Parameter
 .text.SCPI_ParamIsNumber
                0x00000000080045e4       0x48 Drivers/libscpi/src/parser.o
                0x00000000080045e4                SCPI_ParamIsNumber
 .text.ParamSignToUInt32
                0x000000000800462c       0xe8 Drivers/libscpi/src/parser.o
 .text.ParamSignUInt32
                0x0000000008004714       0xa4 Drivers/libscpi/src/parser.o
 .text.SCPI_ParamInt32
                0x00000000080047b8       0x24 Drivers/libscpi/src/parser.o
                0x00000000080047b8                SCPI_ParamInt32
 .text.scpiParser_parseProgramData
                0x00000000080047dc       0xec Drivers/libscpi/src/parser.o
                0x00000000080047dc                scpiParser_parseProgramData
 .text.scpiParser_parseAllProgramData
                0x00000000080048c8       0xca Drivers/libscpi/src/parser.o
                0x00000000080048c8                scpiParser_parseAllProgramData
 .text.scpiParser_detectProgramMessageUnit
                0x0000000008004992      0x136 Drivers/libscpi/src/parser.o
                0x0000000008004992                scpiParser_detectProgramMessageUnit
 .text.strnpbrk
                0x0000000008004ac8       0x5e Drivers/libscpi/src/utils.o
                0x0000000008004ac8                strnpbrk
 *fill*         0x0000000008004b26        0x2 
 .text.UInt32ToStrBaseSign
                0x0000000008004b28      0x140 Drivers/libscpi/src/utils.o
                0x0000000008004b28                UInt32ToStrBaseSign
 .text.strBaseToInt32
                0x0000000008004c68       0x34 Drivers/libscpi/src/utils.o
                0x0000000008004c68                strBaseToInt32
 .text.strBaseToUInt32
                0x0000000008004c9c       0x34 Drivers/libscpi/src/utils.o
                0x0000000008004c9c                strBaseToUInt32
 .text.compareStr
                0x0000000008004cd0       0x38 Drivers/libscpi/src/utils.o
                0x0000000008004cd0                compareStr
 .text.compareStrAndNum
                0x0000000008004d08       0xb0 Drivers/libscpi/src/utils.o
                0x0000000008004d08                compareStrAndNum
 .text.patternSeparatorShortPos
                0x0000000008004db8       0x54 Drivers/libscpi/src/utils.o
 .text.patternSeparatorPos
                0x0000000008004e0c       0x34 Drivers/libscpi/src/utils.o
 .text.cmdSeparatorPos
                0x0000000008004e40       0x38 Drivers/libscpi/src/utils.o
 .text.matchPattern
                0x0000000008004e78       0xb2 Drivers/libscpi/src/utils.o
                0x0000000008004e78                matchPattern
 .text.matchCommand
                0x0000000008004f2a      0x392 Drivers/libscpi/src/utils.o
                0x0000000008004f2a                matchCommand
 .text.composeCompoundCommand
                0x00000000080052bc       0xc8 Drivers/libscpi/src/utils.o
                0x00000000080052bc                composeCompoundCommand
 .text.__errno  0x0000000008005384        0xc c:/st/stm32cubeide_1.5.0/stm32cubeide/plugins/com.st.stm32cube.ide.mcu.externaltools.gnu-tools-for-stm32.7-2018-q2-update.win32_1.5.0.202011040924/tools/bin/../lib/gcc/arm-none-eabi/7.3.1/../../../../arm-none-eabi/lib/thumb/v7-m\libc_nano.a(lib_a-errno.o)
                0x0000000008005384                __errno
 .text._fwrite_r
                0x0000000008005390       0x9c c:/st/stm32cubeide_1.5.0/stm32cubeide/plugins/com.st.stm32cube.ide.mcu.externaltools.gnu-tools-for-stm32.7-2018-q2-update.win32_1.5.0.202011040924/tools/bin/../lib/gcc/arm-none-eabi/7.3.1/../../../../arm-none-eabi/lib/thumb/v7-m\libc_nano.a(lib_a-fwrite.o)
                0x0000000008005390                _fwrite_r
 .text.fwrite   0x000000000800542c       0x1c c:/st/stm32cubeide_1.5.0/stm32cubeide/plugins/com.st.stm32cube.ide.mcu.externaltools.gnu-tools-for-stm32.7-2018-q2-update.win32_1.5.0.202011040924/tools/bin/../lib/gcc/arm-none-eabi/7.3.1/../../../../arm-none-eabi/lib/thumb/v7-m\libc_nano.a(lib_a-fwrite.o)
                0x000000000800542c                fwrite
 .text.__libc_init_array
                0x0000000008005448       0x48 c:/st/stm32cubeide_1.5.0/stm32cubeide/plugins/com.st.stm32cube.ide.mcu.externaltools.gnu-tools-for-stm32.7-2018-q2-update.win32_1.5.0.202011040924/tools/bin/../lib/gcc/arm-none-eabi/7.3.1/../../../../arm-none-eabi/lib/thumb/v7-m\libc_nano.a(lib_a-init.o)
                0x0000000008005448                __libc_init_array
 .text.__locale_ctype_ptr_l
                0x0000000008005490        0x6 c:/st/stm32cubeide_1.5.0/stm32cubeide/plugins/com.st.stm32cube.ide.mcu.externaltools.gnu-tools-for-stm32.7-2018-q2-update.win32_1.5.0.202011040924/tools/bin/../lib/gcc/arm-none-eabi/7.3.1/../../../../arm-none-eabi/lib/thumb/v7-m\libc_nano.a(lib_a-locale.o)
                0x0000000008005490                __locale_ctype_ptr_l
 *fill*         0x0000000008005496        0x2 
 .text.__locale_ctype_ptr
                0x0000000008005498       0x1c c:/st/stm32cubeide_1.5.0/stm32cubeide/plugins/com.st.stm32cube.ide.mcu.externaltools.gnu-tools-for-stm32.7-2018-q2-update.win32_1.5.0.202011040924/tools/bin/../lib/gcc/arm-none-eabi/7.3.1/../../../../arm-none-eabi/lib/thumb/v7-m\libc_nano.a(lib_a-locale.o)
                0x0000000008005498                __locale_ctype_ptr
 .text.__ascii_mbtowc
                0x00000000080054b4       0x24 c:/st/stm32cubeide_1.5.0/stm32cubeide/plugins/com.st.stm32cube.ide.mcu.externaltools.gnu-tools-for-stm32.7-2018-q2-update.win32_1.5.0.202011040924/tools/bin/../lib/gcc/arm-none-eabi/7.3.1/../../../../arm-none-eabi/lib/thumb/v7-m\libc_nano.a(lib_a-mbtowc_r.o)
                0x00000000080054b4                __ascii_mbtowc
 .text.memcpy   0x00000000080054d8       0x16 c:/st/stm32cubeide_1.5.0/stm32cubeide/plugins/com.st.stm32cube.ide.mcu.externaltools.gnu-tools-for-stm32.7-2018-q2-update.win32_1.5.0.202011040924/tools/bin/../lib/gcc/arm-none-eabi/7.3.1/../../../../arm-none-eabi/lib/thumb/v7-m\libc_nano.a(lib_a-memcpy-stub.o)
                0x00000000080054d8                memcpy
 .text.memmove  0x00000000080054ee       0x32 c:/st/stm32cubeide_1.5.0/stm32cubeide/plugins/com.st.stm32cube.ide.mcu.externaltools.gnu-tools-for-stm32.7-2018-q2-update.win32_1.5.0.202011040924/tools/bin/../lib/gcc/arm-none-eabi/7.3.1/../../../../arm-none-eabi/lib/thumb/v7-m\libc_nano.a(lib_a-memmove.o)
                0x00000000080054ee                memmove
 .text.memset   0x0000000008005520       0x10 c:/st/stm32cubeide_1.5.0/stm32cubeide/plugins/com.st.stm32cube.ide.mcu.externaltools.gnu-tools-for-stm32.7-2018-q2-update.win32_1.5.0.202011040924/tools/bin/../lib/gcc/arm-none-eabi/7.3.1/../../../../arm-none-eabi/lib/thumb/v7-m\libc_nano.a(lib_a-memset.o)
                0x0000000008005520                memset
 .text.printf   0x0000000008005530       0x30 c:/st/stm32cubeide_1.5.0/stm32cubeide/plugins/com.st.stm32cube.ide.mcu.externaltools.gnu-tools-for-stm32.7-2018-q2-update.win32_1.5.0.202011040924/tools/bin/../lib/gcc/arm-none-eabi/7.3.1/../../../../arm-none-eabi/lib/thumb/v7-m\libc_nano.a(lib_a-printf.o)
                0x0000000008005530                iprintf
                0x0000000008005530                printf
 .text._puts_r  0x0000000008005560       0xb8 c:/st/stm32cubeide_1.5.0/stm32cubeide/plugins/com.st.stm32cube.ide.mcu.externaltools.gnu-tools-for-stm32.7-2018-q2-update.win32_1.5.0.202011040924/tools/bin/../lib/gcc/arm-none-eabi/7.3.1/../../../../arm-none-eabi/lib/thumb/v7-m\libc_nano.a(lib_a-puts.o)
                0x0000000008005560                _puts_r
 .text.puts     0x0000000008005618       0x10 c:/st/stm32cubeide_1.5.0/stm32cubeide/plugins/com.st.stm32cube.ide.mcu.externaltools.gnu-tools-for-stm32.7-2018-q2-update.win32_1.5.0.202011040924/tools/bin/../lib/gcc/arm-none-eabi/7.3.1/../../../../arm-none-eabi/lib/thumb/v7-m\libc_nano.a(lib_a-puts.o)
                0x0000000008005618                puts
 .text.strncasecmp
                0x0000000008005628       0x4a c:/st/stm32cubeide_1.5.0/stm32cubeide/plugins/com.st.stm32cube.ide.mcu.externaltools.gnu-tools-for-stm32.7-2018-q2-update.win32_1.5.0.202011040924/tools/bin/../lib/gcc/arm-none-eabi/7.3.1/../../../../arm-none-eabi/lib/thumb/v7-m\libc_nano.a(lib_a-strncasecmp.o)
                0x0000000008005628                strncasecmp
 .text.strnlen  0x0000000008005672       0x18 c:/st/stm32cubeide_1.5.0/stm32cubeide/plugins/com.st.stm32cube.ide.mcu.externaltools.gnu-tools-for-stm32.7-2018-q2-update.win32_1.5.0.202011040924/tools/bin/../lib/gcc/arm-none-eabi/7.3.1/../../../../arm-none-eabi/lib/thumb/v7-m\libc_nano.a(lib_a-strnlen.o)
                0x0000000008005672                strnlen
 .text._strtol_l.isra.0
                0x000000000800568a       0xf6 c:/st/stm32cubeide_1.5.0/stm32cubeide/plugins/com.st.stm32cube.ide.mcu.externaltools.gnu-tools-for-stm32.7-2018-q2-update.win32_1.5.0.202011040924/tools/bin/../lib/gcc/arm-none-eabi/7.3.1/../../../../arm-none-eabi/lib/thumb/v7-m\libc_nano.a(lib_a-strtol.o)
 .text.strtol   0x0000000008005780       0x2c c:/st/stm32cubeide_1.5.0/stm32cubeide/plugins/com.st.stm32cube.ide.mcu.externaltools.gnu-tools-for-stm32.7-2018-q2-update.win32_1.5.0.202011040924/tools/bin/../lib/gcc/arm-none-eabi/7.3.1/../../../../arm-none-eabi/lib/thumb/v7-m\libc_nano.a(lib_a-strtol.o)
                0x0000000008005780                strtol
 .text._strtoul_l.isra.0
                0x00000000080057ac       0xf4 c:/st/stm32cubeide_1.5.0/stm32cubeide/plugins/com.st.stm32cube.ide.mcu.externaltools.gnu-tools-for-stm32.7-2018-q2-update.win32_1.5.0.202011040924/tools/bin/../lib/gcc/arm-none-eabi/7.3.1/../../../../arm-none-eabi/lib/thumb/v7-m\libc_nano.a(lib_a-strtoul.o)
 .text.strtoul  0x00000000080058a0       0x2c c:/st/stm32cubeide_1.5.0/stm32cubeide/plugins/com.st.stm32cube.ide.mcu.externaltools.gnu-tools-for-stm32.7-2018-q2-update.win32_1.5.0.202011040924/tools/bin/../lib/gcc/arm-none-eabi/7.3.1/../../../../arm-none-eabi/lib/thumb/v7-m\libc_nano.a(lib_a-strtoul.o)
                0x00000000080058a0                strtoul
 .text.__swbuf_r
                0x00000000080058cc       0xa4 c:/st/stm32cubeide_1.5.0/stm32cubeide/plugins/com.st.stm32cube.ide.mcu.externaltools.gnu-tools-for-stm32.7-2018-q2-update.win32_1.5.0.202011040924/tools/bin/../lib/gcc/arm-none-eabi/7.3.1/../../../../arm-none-eabi/lib/thumb/v7-m\libc_nano.a(lib_a-wbuf.o)
                0x00000000080058cc                __swbuf_r
 .text.__ascii_wctomb
                0x0000000008005970       0x1a c:/st/stm32cubeide_1.5.0/stm32cubeide/plugins/com.st.stm32cube.ide.mcu.externaltools.gnu-tools-for-stm32.7-2018-q2-update.win32_1.5.0.202011040924/tools/bin/../lib/gcc/arm-none-eabi/7.3.1/../../../../arm-none-eabi/lib/thumb/v7-m\libc_nano.a(lib_a-wctomb_r.o)
                0x0000000008005970                __ascii_wctomb
 *fill*         0x000000000800598a        0x2 
 .text.__swsetup_r
                0x000000000800598c       0xdc c:/st/stm32cubeide_1.5.0/stm32cubeide/plugins/com.st.stm32cube.ide.mcu.externaltools.gnu-tools-for-stm32.7-2018-q2-update.win32_1.5.0.202011040924/tools/bin/../lib/gcc/arm-none-eabi/7.3.1/../../../../arm-none-eabi/lib/thumb/v7-m\libc_nano.a(lib_a-wsetup.o)
                0x000000000800598c                __swsetup_r
 .text.__sflush_r
                0x0000000008005a68      0x10c c:/st/stm32cubeide_1.5.0/stm32cubeide/plugins/com.st.stm32cube.ide.mcu.externaltools.gnu-tools-for-stm32.7-2018-q2-update.win32_1.5.0.202011040924/tools/bin/../lib/gcc/arm-none-eabi/7.3.1/../../../../arm-none-eabi/lib/thumb/v7-m\libc_nano.a(lib_a-fflush.o)
                0x0000000008005a68                __sflush_r
 .text._fflush_r
                0x0000000008005b74       0x54 c:/st/stm32cubeide_1.5.0/stm32cubeide/plugins/com.st.stm32cube.ide.mcu.externaltools.gnu-tools-for-stm32.7-2018-q2-update.win32_1.5.0.202011040924/tools/bin/../lib/gcc/arm-none-eabi/7.3.1/../../../../arm-none-eabi/lib/thumb/v7-m\libc_nano.a(lib_a-fflush.o)
                0x0000000008005b74                _fflush_r
 .text.std      0x0000000008005bc8       0x48 c:/st/stm32cubeide_1.5.0/stm32cubeide/plugins/com.st.stm32cube.ide.mcu.externaltools.gnu-tools-for-stm32.7-2018-q2-update.win32_1.5.0.202011040924/tools/bin/../lib/gcc/arm-none-eabi/7.3.1/../../../../arm-none-eabi/lib/thumb/v7-m\libc_nano.a(lib_a-findfp.o)
 .text._cleanup_r
                0x0000000008005c10        0xc c:/st/stm32cubeide_1.5.0/stm32cubeide/plugins/com.st.stm32cube.ide.mcu.externaltools.gnu-tools-for-stm32.7-2018-q2-update.win32_1.5.0.202011040924/tools/bin/../lib/gcc/arm-none-eabi/7.3.1/../../../../arm-none-eabi/lib/thumb/v7-m\libc_nano.a(lib_a-findfp.o)
                0x0000000008005c10                _cleanup_r
 .text.__sfmoreglue
                0x0000000008005c1c       0x2c c:/st/stm32cubeide_1.5.0/stm32cubeide/plugins/com.st.stm32cube.ide.mcu.externaltools.gnu-tools-for-stm32.7-2018-q2-update.win32_1.5.0.202011040924/tools/bin/../lib/gcc/arm-none-eabi/7.3.1/../../../../arm-none-eabi/lib/thumb/v7-m\libc_nano.a(lib_a-findfp.o)
                0x0000000008005c1c                __sfmoreglue
 .text.__sinit  0x0000000008005c48       0x60 c:/st/stm32cubeide_1.5.0/stm32cubeide/plugins/com.st.stm32cube.ide.mcu.externaltools.gnu-tools-for-stm32.7-2018-q2-update.win32_1.5.0.202011040924/tools/bin/../lib/gcc/arm-none-eabi/7.3.1/../../../../arm-none-eabi/lib/thumb/v7-m\libc_nano.a(lib_a-findfp.o)
                0x0000000008005c48                __sinit
 .text.__sfp    0x0000000008005ca8       0x78 c:/st/stm32cubeide_1.5.0/stm32cubeide/plugins/com.st.stm32cube.ide.mcu.externaltools.gnu-tools-for-stm32.7-2018-q2-update.win32_1.5.0.202011040924/tools/bin/../lib/gcc/arm-none-eabi/7.3.1/../../../../arm-none-eabi/lib/thumb/v7-m\libc_nano.a(lib_a-findfp.o)
                0x0000000008005ca8                __sfp
 .text._fwalk_reent
                0x0000000008005d20       0x3c c:/st/stm32cubeide_1.5.0/stm32cubeide/plugins/com.st.stm32cube.ide.mcu.externaltools.gnu-tools-for-stm32.7-2018-q2-update.win32_1.5.0.202011040924/tools/bin/../lib/gcc/arm-none-eabi/7.3.1/../../../../arm-none-eabi/lib/thumb/v7-m\libc_nano.a(lib_a-fwalk.o)
                0x0000000008005d20                _fwalk_reent
 .text.__swhatbuf_r
                0x0000000008005d5c       0x48 c:/st/stm32cubeide_1.5.0/stm32cubeide/plugins/com.st.stm32cube.ide.mcu.externaltools.gnu-tools-for-stm32.7-2018-q2-update.win32_1.5.0.202011040924/tools/bin/../lib/gcc/arm-none-eabi/7.3.1/../../../../arm-none-eabi/lib/thumb/v7-m\libc_nano.a(lib_a-makebuf.o)
                0x0000000008005d5c                __swhatbuf_r
 .text.__smakebuf_r
                0x0000000008005da4       0x80 c:/st/stm32cubeide_1.5.0/stm32cubeide/plugins/com.st.stm32cube.ide.mcu.externaltools.gnu-tools-for-stm32.7-2018-q2-update.win32_1.5.0.202011040924/tools/bin/../lib/gcc/arm-none-eabi/7.3.1/../../../../arm-none-eabi/lib/thumb/v7-m\libc_nano.a(lib_a-makebuf.o)
                0x0000000008005da4                __smakebuf_r
 .text._free_r  0x0000000008005e24       0x98 c:/st/stm32cubeide_1.5.0/stm32cubeide/plugins/com.st.stm32cube.ide.mcu.externaltools.gnu-tools-for-stm32.7-2018-q2-update.win32_1.5.0.202011040924/tools/bin/../lib/gcc/arm-none-eabi/7.3.1/../../../../arm-none-eabi/lib/thumb/v7-m\libc_nano.a(lib_a-nano-freer.o)
                0x0000000008005e24                _free_r
 .text._malloc_r
                0x0000000008005ebc       0xb4 c:/st/stm32cubeide_1.5.0/stm32cubeide/plugins/com.st.stm32cube.ide.mcu.externaltools.gnu-tools-for-stm32.7-2018-q2-update.win32_1.5.0.202011040924/tools/bin/../lib/gcc/arm-none-eabi/7.3.1/../../../../arm-none-eabi/lib/thumb/v7-m\libc_nano.a(lib_a-nano-mallocr.o)
                0x0000000008005ebc                _malloc_r
 .text.__sfputc_r
                0x0000000008005f70       0x2a c:/st/stm32cubeide_1.5.0/stm32cubeide/plugins/com.st.stm32cube.ide.mcu.externaltools.gnu-tools-for-stm32.7-2018-q2-update.win32_1.5.0.202011040924/tools/bin/../lib/gcc/arm-none-eabi/7.3.1/../../../../arm-none-eabi/lib/thumb/v7-m\libc_nano.a(lib_a-nano-vfprintf.o)
 .text.__sfputs_r
                0x0000000008005f9a       0x24 c:/st/stm32cubeide_1.5.0/stm32cubeide/plugins/com.st.stm32cube.ide.mcu.externaltools.gnu-tools-for-stm32.7-2018-q2-update.win32_1.5.0.202011040924/tools/bin/../lib/gcc/arm-none-eabi/7.3.1/../../../../arm-none-eabi/lib/thumb/v7-m\libc_nano.a(lib_a-nano-vfprintf.o)
                0x0000000008005f9a                __sfputs_r
 *fill*         0x0000000008005fbe        0x2 
 .text._vfprintf_r
                0x0000000008005fc0      0x22c c:/st/stm32cubeide_1.5.0/stm32cubeide/plugins/com.st.stm32cube.ide.mcu.externaltools.gnu-tools-for-stm32.7-2018-q2-update.win32_1.5.0.202011040924/tools/bin/../lib/gcc/arm-none-eabi/7.3.1/../../../../arm-none-eabi/lib/thumb/v7-m\libc_nano.a(lib_a-nano-vfprintf.o)
                0x0000000008005fc0                _vfprintf_r
                0x0000000008005fc0                _vfiprintf_r
 .text._printf_common
                0x00000000080061ec       0xec c:/st/stm32cubeide_1.5.0/stm32cubeide/plugins/com.st.stm32cube.ide.mcu.externaltools.gnu-tools-for-stm32.7-2018-q2-update.win32_1.5.0.202011040924/tools/bin/../lib/gcc/arm-none-eabi/7.3.1/../../../../arm-none-eabi/lib/thumb/v7-m\libc_nano.a(lib_a-nano-vfprintf_i.o)
                0x00000000080061ec                _printf_common
 .text._printf_i
                0x00000000080062d8      0x224 c:/st/stm32cubeide_1.5.0/stm32cubeide/plugins/com.st.stm32cube.ide.mcu.externaltools.gnu-tools-for-stm32.7-2018-q2-update.win32_1.5.0.202011040924/tools/bin/../lib/gcc/arm-none-eabi/7.3.1/../../../../arm-none-eabi/lib/thumb/v7-m\libc_nano.a(lib_a-nano-vfprintf_i.o)
                0x00000000080062d8                _printf_i
 .text._sbrk_r  0x00000000080064fc       0x20 c:/st/stm32cubeide_1.5.0/stm32cubeide/plugins/com.st.stm32cube.ide.mcu.externaltools.gnu-tools-for-stm32.7-2018-q2-update.win32_1.5.0.202011040924/tools/bin/../lib/gcc/arm-none-eabi/7.3.1/../../../../arm-none-eabi/lib/thumb/v7-m\libc_nano.a(lib_a-sbrkr.o)
                0x00000000080064fc                _sbrk_r
 .text.__sread  0x000000000800651c       0x22 c:/st/stm32cubeide_1.5.0/stm32cubeide/plugins/com.st.stm32cube.ide.mcu.externaltools.gnu-tools-for-stm32.7-2018-q2-update.win32_1.5.0.202011040924/tools/bin/../lib/gcc/arm-none-eabi/7.3.1/../../../../arm-none-eabi/lib/thumb/v7-m\libc_nano.a(lib_a-stdio.o)
                0x000000000800651c                __sread
 .text.__swrite
                0x000000000800653e       0x38 c:/st/stm32cubeide_1.5.0/stm32cubeide/plugins/com.st.stm32cube.ide.mcu.externaltools.gnu-tools-for-stm32.7-2018-q2-update.win32_1.5.0.202011040924/tools/bin/../lib/gcc/arm-none-eabi/7.3.1/../../../../arm-none-eabi/lib/thumb/v7-m\libc_nano.a(lib_a-stdio.o)
                0x000000000800653e                __swrite
 .text.__sseek  0x0000000008006576       0x24 c:/st/stm32cubeide_1.5.0/stm32cubeide/plugins/com.st.stm32cube.ide.mcu.externaltools.gnu-tools-for-stm32.7-2018-q2-update.win32_1.5.0.202011040924/tools/bin/../lib/gcc/arm-none-eabi/7.3.1/../../../../arm-none-eabi/lib/thumb/v7-m\libc_nano.a(lib_a-stdio.o)
                0x0000000008006576                __sseek
 .text.__sclose
                0x000000000800659a        0x8 c:/st/stm32cubeide_1.5.0/stm32cubeide/plugins/com.st.stm32cube.ide.mcu.externaltools.gnu-tools-for-stm32.7-2018-q2-update.win32_1.5.0.202011040924/tools/bin/../lib/gcc/arm-none-eabi/7.3.1/../../../../arm-none-eabi/lib/thumb/v7-m\libc_nano.a(lib_a-stdio.o)
                0x000000000800659a                __sclose
 *fill*         0x00000000080065a2        0x2 
 .text._write_r
                0x00000000080065a4       0x24 c:/st/stm32cubeide_1.5.0/stm32cubeide/plugins/com.st.stm32cube.ide.mcu.externaltools.gnu-tools-for-stm32.7-2018-q2-update.win32_1.5.0.202011040924/tools/bin/../lib/gcc/arm-none-eabi/7.3.1/../../../../arm-none-eabi/lib/thumb/v7-m\libc_nano.a(lib_a-writer.o)
                0x00000000080065a4                _write_r
 .text._close_r
                0x00000000080065c8       0x20 c:/st/stm32cubeide_1.5.0/stm32cubeide/plugins/com.st.stm32cube.ide.mcu.externaltools.gnu-tools-for-stm32.7-2018-q2-update.win32_1.5.0.202011040924/tools/bin/../lib/gcc/arm-none-eabi/7.3.1/../../../../arm-none-eabi/lib/thumb/v7-m\libc_nano.a(lib_a-closer.o)
                0x00000000080065c8                _close_r
 .text._fstat_r
                0x00000000080065e8       0x24 c:/st/stm32cubeide_1.5.0/stm32cubeide/plugins/com.st.stm32cube.ide.mcu.externaltools.gnu-tools-for-stm32.7-2018-q2-update.win32_1.5.0.202011040924/tools/bin/../lib/gcc/arm-none-eabi/7.3.1/../../../../arm-none-eabi/lib/thumb/v7-m\libc_nano.a(lib_a-fstatr.o)
                0x00000000080065e8                _fstat_r
 .text._isatty_r
                0x000000000800660c       0x20 c:/st/stm32cubeide_1.5.0/stm32cubeide/plugins/com.st.stm32cube.ide.mcu.externaltools.gnu-tools-for-stm32.7-2018-q2-update.win32_1.5.0.202011040924/tools/bin/../lib/gcc/arm-none-eabi/7.3.1/../../../../arm-none-eabi/lib/thumb/v7-m\libc_nano.a(lib_a-isattyr.o)
                0x000000000800660c                _isatty_r
 .text._lseek_r
                0x000000000800662c       0x24 c:/st/stm32cubeide_1.5.0/stm32cubeide/plugins/com.st.stm32cube.ide.mcu.externaltools.gnu-tools-for-stm32.7-2018-q2-update.win32_1.5.0.202011040924/tools/bin/../lib/gcc/arm-none-eabi/7.3.1/../../../../arm-none-eabi/lib/thumb/v7-m\libc_nano.a(lib_a-lseekr.o)
                0x000000000800662c                _lseek_r
 .text.memchr   0x0000000008006650       0x1c c:/st/stm32cubeide_1.5.0/stm32cubeide/plugins/com.st.stm32cube.ide.mcu.externaltools.gnu-tools-for-stm32.7-2018-q2-update.win32_1.5.0.202011040924/tools/bin/../lib/gcc/arm-none-eabi/7.3.1/../../../../arm-none-eabi/lib/thumb/v7-m\libc_nano.a(lib_a-memchr-stub.o)
                0x0000000008006650                memchr
 .text.__malloc_lock
                0x000000000800666c        0x2 c:/st/stm32cubeide_1.5.0/stm32cubeide/plugins/com.st.stm32cube.ide.mcu.externaltools.gnu-tools-for-stm32.7-2018-q2-update.win32_1.5.0.202011040924/tools/bin/../lib/gcc/arm-none-eabi/7.3.1/../../../../arm-none-eabi/lib/thumb/v7-m\libc_nano.a(lib_a-mlock.o)
                0x000000000800666c                __malloc_lock
 .text.__malloc_unlock
                0x000000000800666e        0x2 c:/st/stm32cubeide_1.5.0/stm32cubeide/plugins/com.st.stm32cube.ide.mcu.externaltools.gnu-tools-for-stm32.7-2018-q2-update.win32_1.5.0.202011040924/tools/bin/../lib/gcc/arm-none-eabi/7.3.1/../../../../arm-none-eabi/lib/thumb/v7-m\libc_nano.a(lib_a-mlock.o)
                0x000000000800666e                __malloc_unlock
 .text._read_r  0x0000000008006670       0x24 c:/st/stm32cubeide_1.5.0/stm32cubeide/plugins/com.st.stm32cube.ide.mcu.externaltools.gnu-tools-for-stm32.7-2018-q2-update.win32_1.5.0.202011040924/tools/bin/../lib/gcc/arm-none-eabi/7.3.1/../../../../arm-none-eabi/lib/thumb/v7-m\libc_nano.a(lib_a-readr.o)
                0x0000000008006670                _read_r
 *(.glue_7)
 .glue_7        0x0000000008006694        0x0 linker stubs
 *(.glue_7t)
 .glue_7t       0x0000000008006694        0x0 linker stubs
 *(.eh_frame)
 .eh_frame      0x0000000008006694        0x0 c:/st/stm32cubeide_1.5.0/stm32cubeide/plugins/com.st.stm32cube.ide.mcu.externaltools.gnu-tools-for-stm32.7-2018-q2-update.win32_1.5.0.202011040924/tools/bin/../lib/gcc/arm-none-eabi/7.3.1/thumb/v7-m/crtbegin.o
 *(.init)
 .init          0x0000000008006694        0x4 c:/st/stm32cubeide_1.5.0/stm32cubeide/plugins/com.st.stm32cube.ide.mcu.externaltools.gnu-tools-for-stm32.7-2018-q2-update.win32_1.5.0.202011040924/tools/bin/../lib/gcc/arm-none-eabi/7.3.1/thumb/v7-m/crti.o
                0x0000000008006694                _init
 .init          0x0000000008006698        0x8 c:/st/stm32cubeide_1.5.0/stm32cubeide/plugins/com.st.stm32cube.ide.mcu.externaltools.gnu-tools-for-stm32.7-2018-q2-update.win32_1.5.0.202011040924/tools/bin/../lib/gcc/arm-none-eabi/7.3.1/thumb/v7-m/crtn.o
 *(.fini)
 .fini          0x00000000080066a0        0x4 c:/st/stm32cubeide_1.5.0/stm32cubeide/plugins/com.st.stm32cube.ide.mcu.externaltools.gnu-tools-for-stm32.7-2018-q2-update.win32_1.5.0.202011040924/tools/bin/../lib/gcc/arm-none-eabi/7.3.1/thumb/v7-m/crti.o
                0x00000000080066a0                _fini
 .fini          0x00000000080066a4        0x8 c:/st/stm32cubeide_1.5.0/stm32cubeide/plugins/com.st.stm32cube.ide.mcu.externaltools.gnu-tools-for-stm32.7-2018-q2-update.win32_1.5.0.202011040924/tools/bin/../lib/gcc/arm-none-eabi/7.3.1/thumb/v7-m/crtn.o
                0x00000000080066ac                . = ALIGN (0x4)
                0x00000000080066ac                _etext = .

.vfp11_veneer   0x00000000080066ac        0x0
 .vfp11_veneer  0x00000000080066ac        0x0 linker stubs

.v4_bx          0x00000000080066ac        0x0
 .v4_bx         0x00000000080066ac        0x0 linker stubs

.iplt           0x00000000080066ac        0x0
 .iplt          0x00000000080066ac        0x0 c:/st/stm32cubeide_1.5.0/stm32cubeide/plugins/com.st.stm32cube.ide.mcu.externaltools.gnu-tools-for-stm32.7-2018-q2-update.win32_1.5.0.202011040924/tools/bin/../lib/gcc/arm-none-eabi/7.3.1/thumb/v7-m/crtbegin.o

.rodata         0x00000000080066b0      0x7d4
                0x00000000080066b0                . = ALIGN (0x4)
 *(.rodata)
 .rodata        0x00000000080066b0       0x3e Core/Src/main.o
 *fill*         0x00000000080066ee        0x2 
 .rodata        0x00000000080066f0       0xa4 Core/Src/scpi-def.o
 .rodata        0x0000000008006794       0x12 Drivers/STM32F1xx_HAL_Driver/Src/stm32f1xx_hal_rcc.o
 *fill*         0x00000000080067a6        0x2 
 .rodata        0x00000000080067a8      0x13e Drivers/libscpi/src/error.o
 *fill*         0x00000000080068e6        0x2 
 .rodata        0x00000000080068e8        0x2 Drivers/libscpi/src/ieee488.o
 *fill*         0x00000000080068ea        0x2 
 .rodata        0x00000000080068ec        0x7 Drivers/libscpi/src/minimal.o
 *fill*         0x00000000080068f3        0x1 
 .rodata        0x00000000080068f4       0x23 Drivers/libscpi/src/parser.o
 *fill*         0x0000000008006917        0x1 
 .rodata        0x0000000008006918       0xba Drivers/libscpi/src/units.o
 *fill*         0x00000000080069d2        0x2 
 .rodata        0x00000000080069d4       0x3c Drivers/libscpi/src/utils.o
 *(.rodata*)
 .rodata.scpi_commands
                0x0000000008006a10       0xcc Core/Src/scpi-def.o
                0x0000000008006a10                scpi_commands
 .rodata.AHBPrescTable
                0x0000000008006adc       0x10 Core/Src/system_stm32f1xx.o
                0x0000000008006adc                AHBPrescTable
 .rodata.APBPrescTable
                0x0000000008006aec        0x8 Core/Src/system_stm32f1xx.o
                0x0000000008006aec                APBPrescTable
 .rodata.errs   0x0000000008006af4       0x36 Drivers/libscpi/src/error.o
 *fill*         0x0000000008006b2a        0x6 
 .rodata.scpi_units_def
                0x0000000008006b30      0x1b0 Drivers/libscpi/src/units.o
                0x0000000008006b30                scpi_units_def
 .rodata._global_impure_ptr
                0x0000000008006ce0        0x4 c:/st/stm32cubeide_1.5.0/stm32cubeide/plugins/com.st.stm32cube.ide.mcu.externaltools.gnu-tools-for-stm32.7-2018-q2-update.win32_1.5.0.202011040924/tools/bin/../lib/gcc/arm-none-eabi/7.3.1/../../../../arm-none-eabi/lib/thumb/v7-m\libc_nano.a(lib_a-impure.o)
                0x0000000008006ce0                _global_impure_ptr
 .rodata._setlocale_r.str1.1
                0x0000000008006ce4        0x8 c:/st/stm32cubeide_1.5.0/stm32cubeide/plugins/com.st.stm32cube.ide.mcu.externaltools.gnu-tools-for-stm32.7-2018-q2-update.win32_1.5.0.202011040924/tools/bin/../lib/gcc/arm-none-eabi/7.3.1/../../../../arm-none-eabi/lib/thumb/v7-m\libc_nano.a(lib_a-locale.o)
                                          0x9 (size before relaxing)
 .rodata.str1.1
                0x0000000008006cec        0x2 c:/st/stm32cubeide_1.5.0/stm32cubeide/plugins/com.st.stm32cube.ide.mcu.externaltools.gnu-tools-for-stm32.7-2018-q2-update.win32_1.5.0.202011040924/tools/bin/../lib/gcc/arm-none-eabi/7.3.1/../../../../arm-none-eabi/lib/thumb/v7-m\libc_nano.a(lib_a-locale.o)
 .rodata._ctype_
                0x0000000008006cee      0x101 c:/st/stm32cubeide_1.5.0/stm32cubeide/plugins/com.st.stm32cube.ide.mcu.externaltools.gnu-tools-for-stm32.7-2018-q2-update.win32_1.5.0.202011040924/tools/bin/../lib/gcc/arm-none-eabi/7.3.1/../../../../arm-none-eabi/lib/thumb/v7-m\libc_nano.a(lib_a-ctype_.o)
                0x0000000008006cee                _ctype_
 *fill*         0x0000000008006def        0x1 
 .rodata.__sf_fake_stderr
                0x0000000008006df0       0x20 c:/st/stm32cubeide_1.5.0/stm32cubeide/plugins/com.st.stm32cube.ide.mcu.externaltools.gnu-tools-for-stm32.7-2018-q2-update.win32_1.5.0.202011040924/tools/bin/../lib/gcc/arm-none-eabi/7.3.1/../../../../arm-none-eabi/lib/thumb/v7-m\libc_nano.a(lib_a-findfp.o)
                0x0000000008006df0                __sf_fake_stderr
 .rodata.__sf_fake_stdin
                0x0000000008006e10       0x20 c:/st/stm32cubeide_1.5.0/stm32cubeide/plugins/com.st.stm32cube.ide.mcu.externaltools.gnu-tools-for-stm32.7-2018-q2-update.win32_1.5.0.202011040924/tools/bin/../lib/gcc/arm-none-eabi/7.3.1/../../../../arm-none-eabi/lib/thumb/v7-m\libc_nano.a(lib_a-findfp.o)
                0x0000000008006e10                __sf_fake_stdin
 .rodata.__sf_fake_stdout
                0x0000000008006e30       0x20 c:/st/stm32cubeide_1.5.0/stm32cubeide/plugins/com.st.stm32cube.ide.mcu.externaltools.gnu-tools-for-stm32.7-2018-q2-update.win32_1.5.0.202011040924/tools/bin/../lib/gcc/arm-none-eabi/7.3.1/../../../../arm-none-eabi/lib/thumb/v7-m\libc_nano.a(lib_a-findfp.o)
                0x0000000008006e30                __sf_fake_stdout
 .rodata._vfprintf_r.str1.1
                0x0000000008006e50       0x11 c:/st/stm32cubeide_1.5.0/stm32cubeide/plugins/com.st.stm32cube.ide.mcu.externaltools.gnu-tools-for-stm32.7-2018-q2-update.win32_1.5.0.202011040924/tools/bin/../lib/gcc/arm-none-eabi/7.3.1/../../../../arm-none-eabi/lib/thumb/v7-m\libc_nano.a(lib_a-nano-vfprintf.o)
 .rodata._printf_i.str1.1
                0x0000000008006e61       0x22 c:/st/stm32cubeide_1.5.0/stm32cubeide/plugins/com.st.stm32cube.ide.mcu.externaltools.gnu-tools-for-stm32.7-2018-q2-update.win32_1.5.0.202011040924/tools/bin/../lib/gcc/arm-none-eabi/7.3.1/../../../../arm-none-eabi/lib/thumb/v7-m\libc_nano.a(lib_a-nano-vfprintf_i.o)
                0x0000000008006e84                . = ALIGN (0x4)
 *fill*         0x0000000008006e83        0x1 

.rel.dyn        0x0000000008006e84        0x0
 .rel.iplt      0x0000000008006e84        0x0 c:/st/stm32cubeide_1.5.0/stm32cubeide/plugins/com.st.stm32cube.ide.mcu.externaltools.gnu-tools-for-stm32.7-2018-q2-update.win32_1.5.0.202011040924/tools/bin/../lib/gcc/arm-none-eabi/7.3.1/thumb/v7-m/crtbegin.o

.ARM.extab      0x0000000008006e84        0x0
                0x0000000008006e84                . = ALIGN (0x4)
 *(.ARM.extab* .gnu.linkonce.armextab.*)
                0x0000000008006e84                . = ALIGN (0x4)

.ARM            0x0000000008006e84        0x0
                0x0000000008006e84                . = ALIGN (0x4)
                0x0000000008006e84                __exidx_start = .
 *(.ARM.exidx*)
                0x0000000008006e84                __exidx_end = .
                0x0000000008006e84                . = ALIGN (0x4)

.preinit_array  0x0000000008006e84        0x0
                0x0000000008006e84                . = ALIGN (0x4)
                0x0000000008006e84                PROVIDE (__preinit_array_start = .)
 *(.preinit_array*)
                0x0000000008006e84                PROVIDE (__preinit_array_end = .)
                0x0000000008006e84                . = ALIGN (0x4)

.init_array     0x0000000008006e84        0x4
                0x0000000008006e84                . = ALIGN (0x4)
                0x0000000008006e84                PROVIDE (__init_array_start = .)
 *(SORT_BY_NAME(.init_array.*))
 *(.init_array*)
 .init_array    0x0000000008006e84        0x4 c:/st/stm32cubeide_1.5.0/stm32cubeide/plugins/com.st.stm32cube.ide.mcu.externaltools.gnu-tools-for-stm32.7-2018-q2-update.win32_1.5.0.202011040924/tools/bin/../lib/gcc/arm-none-eabi/7.3.1/thumb/v7-m/crtbegin.o
                0x0000000008006e88                PROVIDE (__init_array_end = .)
                0x0000000008006e88                . = ALIGN (0x4)

.fini_array     0x0000000008006e88        0x4
                0x0000000008006e88                . = ALIGN (0x4)
                [!provide]                        PROVIDE (__fini_array_start = .)
 *(SORT_BY_NAME(.fini_array.*))
 *(.fini_array*)
 .fini_array    0x0000000008006e88        0x4 c:/st/stm32cubeide_1.5.0/stm32cubeide/plugins/com.st.stm32cube.ide.mcu.externaltools.gnu-tools-for-stm32.7-2018-q2-update.win32_1.5.0.202011040924/tools/bin/../lib/gcc/arm-none-eabi/7.3.1/thumb/v7-m/crtbegin.o
                [!provide]                        PROVIDE (__fini_array_end = .)
                0x0000000008006e8c                . = ALIGN (0x4)
                0x0000000008006e8c                _sidata = LOADADDR (.data)

.data           0x0000000020000000      0x1f0 load address 0x0000000008006e8c
                0x0000000020000000                . = ALIGN (0x4)
                0x0000000020000000                _sdata = .
 *(.data)
 *(.data*)
 .data.scpi_interface
                0x0000000020000000       0x14 Core/Src/scpi-def.o
                0x0000000020000000                scpi_interface
 .data.SystemCoreClock
                0x0000000020000014        0x4 Core/Src/system_stm32f1xx.o
                0x0000000020000014                SystemCoreClock
 .data.uwTickPrio
                0x0000000020000018        0x4 Drivers/STM32F1xx_HAL_Driver/Src/stm32f1xx_hal.o
                0x0000000020000018                uwTickPrio
 .data.uwTickFreq
                0x000000002000001c        0x1 Drivers/STM32F1xx_HAL_Driver/Src/stm32f1xx_hal.o
                0x000000002000001c                uwTickFreq
 *fill*         0x000000002000001d        0x3 
 .data._impure_ptr
                0x0000000020000020        0x4 c:/st/stm32cubeide_1.5.0/stm32cubeide/plugins/com.st.stm32cube.ide.mcu.externaltools.gnu-tools-for-stm32.7-2018-q2-update.win32_1.5.0.202011040924/tools/bin/../lib/gcc/arm-none-eabi/7.3.1/../../../../arm-none-eabi/lib/thumb/v7-m\libc_nano.a(lib_a-impure.o)
                0x0000000020000020                _impure_ptr
 .data.impure_data
                0x0000000020000024       0x60 c:/st/stm32cubeide_1.5.0/stm32cubeide/plugins/com.st.stm32cube.ide.mcu.externaltools.gnu-tools-for-stm32.7-2018-q2-update.win32_1.5.0.202011040924/tools/bin/../lib/gcc/arm-none-eabi/7.3.1/../../../../arm-none-eabi/lib/thumb/v7-m\libc_nano.a(lib_a-impure.o)
 .data.__global_locale
                0x0000000020000084      0x16c c:/st/stm32cubeide_1.5.0/stm32cubeide/plugins/com.st.stm32cube.ide.mcu.externaltools.gnu-tools-for-stm32.7-2018-q2-update.win32_1.5.0.202011040924/tools/bin/../lib/gcc/arm-none-eabi/7.3.1/../../../../arm-none-eabi/lib/thumb/v7-m\libc_nano.a(lib_a-locale.o)
                0x0000000020000084                __global_locale
 *(.RamFunc)
 *(.RamFunc*)
                0x00000000200001f0                . = ALIGN (0x4)
                0x00000000200001f0                _edata = .

.igot.plt       0x00000000200001f0        0x0 load address 0x000000000800707c
 .igot.plt      0x00000000200001f0        0x0 c:/st/stm32cubeide_1.5.0/stm32cubeide/plugins/com.st.stm32cube.ide.mcu.externaltools.gnu-tools-for-stm32.7-2018-q2-update.win32_1.5.0.202011040924/tools/bin/../lib/gcc/arm-none-eabi/7.3.1/thumb/v7-m/crtbegin.o
                0x00000000200001f0                . = ALIGN (0x4)

.bss            0x00000000200001f0      0x22c load address 0x000000000800707c
                0x00000000200001f0                _sbss = .
                0x00000000200001f0                __bss_start__ = _sbss
 *(.bss)
 .bss           0x00000000200001f0       0x1c c:/st/stm32cubeide_1.5.0/stm32cubeide/plugins/com.st.stm32cube.ide.mcu.externaltools.gnu-tools-for-stm32.7-2018-q2-update.win32_1.5.0.202011040924/tools/bin/../lib/gcc/arm-none-eabi/7.3.1/thumb/v7-m/crtbegin.o
 *(.bss*)
 .bss.__sbrk_heap_end
                0x000000002000020c        0x4 Core/Src/sysmem.o
 .bss.__malloc_free_list
                0x0000000020000210        0x4 c:/st/stm32cubeide_1.5.0/stm32cubeide/plugins/com.st.stm32cube.ide.mcu.externaltools.gnu-tools-for-stm32.7-2018-q2-update.win32_1.5.0.202011040924/tools/bin/../lib/gcc/arm-none-eabi/7.3.1/../../../../arm-none-eabi/lib/thumb/v7-m\libc_nano.a(lib_a-nano-mallocr.o)
                0x0000000020000210                __malloc_free_list
 .bss.__malloc_sbrk_start
                0x0000000020000214        0x4 c:/st/stm32cubeide_1.5.0/stm32cubeide/plugins/com.st.stm32cube.ide.mcu.externaltools.gnu-tools-for-stm32.7-2018-q2-update.win32_1.5.0.202011040924/tools/bin/../lib/gcc/arm-none-eabi/7.3.1/../../../../arm-none-eabi/lib/thumb/v7-m\libc_nano.a(lib_a-nano-mallocr.o)
                0x0000000020000214                __malloc_sbrk_start
 *(COMMON)
 COMMON         0x0000000020000218       0x40 Core/Src/main.o
                0x0000000020000218                huart2
 COMMON         0x0000000020000258      0x1ba Core/Src/scpi-def.o
                0x0000000020000258                scpi_context
                0x00000000200002f0                scpi_input_buffer
                0x00000000200003f0                scpi_error_queue_data
 COMMON         0x0000000020000412        0x1 Core/Src/stm32f1xx_it.o
                0x0000000020000412                rx
 *fill*         0x0000000020000413        0x1 
 COMMON         0x0000000020000414        0x4 Drivers/STM32F1xx_HAL_Driver/Src/stm32f1xx_hal.o
                0x0000000020000414                uwTick
 COMMON         0x0000000020000418        0x4 c:/st/stm32cubeide_1.5.0/stm32cubeide/plugins/com.st.stm32cube.ide.mcu.externaltools.gnu-tools-for-stm32.7-2018-q2-update.win32_1.5.0.202011040924/tools/bin/../lib/gcc/arm-none-eabi/7.3.1/../../../../arm-none-eabi/lib/thumb/v7-m\libc_nano.a(lib_a-reent.o)
                0x0000000020000418                errno
                0x000000002000041c                . = ALIGN (0x4)
                0x000000002000041c                _ebss = .
                0x000000002000041c                __bss_end__ = _ebss

._user_heap_stack
                0x000000002000041c      0x604 load address 0x000000000800707c
                0x0000000020000420                . = ALIGN (0x8)
 *fill*         0x000000002000041c        0x4 
                [!provide]                        PROVIDE (end = .)
                0x0000000020000420                PROVIDE (_end = .)
                0x0000000020000620                . = (. + _Min_Heap_Size)
 *fill*         0x0000000020000420      0x200 
                0x0000000020000a20                . = (. + _Min_Stack_Size)
 *fill*         0x0000000020000620      0x400 
                0x0000000020000a20                . = ALIGN (0x8)

/DISCARD/
 libc.a(*)
 libm.a(*)
 libgcc.a(*)

.ARM.attributes
                0x0000000000000000       0x29
 *(.ARM.attributes)
 .ARM.attributes
                0x0000000000000000       0x1d c:/st/stm32cubeide_1.5.0/stm32cubeide/plugins/com.st.stm32cube.ide.mcu.externaltools.gnu-tools-for-stm32.7-2018-q2-update.win32_1.5.0.202011040924/tools/bin/../lib/gcc/arm-none-eabi/7.3.1/thumb/v7-m/crti.o
 .ARM.attributes
                0x000000000000001d       0x2d c:/st/stm32cubeide_1.5.0/stm32cubeide/plugins/com.st.stm32cube.ide.mcu.externaltools.gnu-tools-for-stm32.7-2018-q2-update.win32_1.5.0.202011040924/tools/bin/../lib/gcc/arm-none-eabi/7.3.1/thumb/v7-m/crtbegin.o
 .ARM.attributes
                0x000000000000004a       0x33 Core/Src/main.o
 .ARM.attributes
                0x000000000000007d       0x33 Core/Src/scpi-def.o
 .ARM.attributes
                0x00000000000000b0       0x33 Core/Src/stm32f1xx_hal_msp.o
 .ARM.attributes
                0x00000000000000e3       0x33 Core/Src/stm32f1xx_it.o
 .ARM.attributes
                0x0000000000000116       0x33 Core/Src/syscalls.o
 .ARM.attributes
                0x0000000000000149       0x33 Core/Src/sysmem.o
 .ARM.attributes
                0x000000000000017c       0x33 Core/Src/system_stm32f1xx.o
 .ARM.attributes
                0x00000000000001af       0x21 Core/Startup/startup_stm32f103rbtx.o
 .ARM.attributes
                0x00000000000001d0       0x33 Drivers/STM32F1xx_HAL_Driver/Src/stm32f1xx_hal.o
 .ARM.attributes
                0x0000000000000203       0x33 Drivers/STM32F1xx_HAL_Driver/Src/stm32f1xx_hal_cortex.o
 .ARM.attributes
                0x0000000000000236       0x33 Drivers/STM32F1xx_HAL_Driver/Src/stm32f1xx_hal_dma.o
 .ARM.attributes
                0x0000000000000269       0x33 Drivers/STM32F1xx_HAL_Driver/Src/stm32f1xx_hal_gpio.o
 .ARM.attributes
                0x000000000000029c       0x33 Drivers/STM32F1xx_HAL_Driver/Src/stm32f1xx_hal_rcc.o
 .ARM.attributes
                0x00000000000002cf       0x33 Drivers/STM32F1xx_HAL_Driver/Src/stm32f1xx_hal_uart.o
 .ARM.attributes
                0x0000000000000302       0x33 Drivers/libscpi/src/error.o
 .ARM.attributes
                0x0000000000000335       0x33 Drivers/libscpi/src/fifo.o
 .ARM.attributes
                0x0000000000000368       0x33 Drivers/libscpi/src/ieee488.o
 .ARM.attributes
                0x000000000000039b       0x33 Drivers/libscpi/src/lexer.o
 .ARM.attributes
                0x00000000000003ce       0x33 Drivers/libscpi/src/minimal.o
 .ARM.attributes
                0x0000000000000401       0x33 Drivers/libscpi/src/parser.o
 .ARM.attributes
                0x0000000000000434       0x33 Drivers/libscpi/src/units.o
 .ARM.attributes
                0x0000000000000467       0x33 Drivers/libscpi/src/utils.o
 .ARM.attributes
                0x000000000000049a       0x2d c:/st/stm32cubeide_1.5.0/stm32cubeide/plugins/com.st.stm32cube.ide.mcu.externaltools.gnu-tools-for-stm32.7-2018-q2-update.win32_1.5.0.202011040924/tools/bin/../lib/gcc/arm-none-eabi/7.3.1/../../../../arm-none-eabi/lib/thumb/v7-m\libc_nano.a(lib_a-errno.o)
 .ARM.attributes
                0x00000000000004c7       0x2d c:/st/stm32cubeide_1.5.0/stm32cubeide/plugins/com.st.stm32cube.ide.mcu.externaltools.gnu-tools-for-stm32.7-2018-q2-update.win32_1.5.0.202011040924/tools/bin/../lib/gcc/arm-none-eabi/7.3.1/../../../../arm-none-eabi/lib/thumb/v7-m\libc_nano.a(lib_a-fwrite.o)
 .ARM.attributes
                0x00000000000004f4       0x2d c:/st/stm32cubeide_1.5.0/stm32cubeide/plugins/com.st.stm32cube.ide.mcu.externaltools.gnu-tools-for-stm32.7-2018-q2-update.win32_1.5.0.202011040924/tools/bin/../lib/gcc/arm-none-eabi/7.3.1/../../../../arm-none-eabi/lib/thumb/v7-m\libc_nano.a(lib_a-impure.o)
 .ARM.attributes
                0x0000000000000521       0x2d c:/st/stm32cubeide_1.5.0/stm32cubeide/plugins/com.st.stm32cube.ide.mcu.externaltools.gnu-tools-for-stm32.7-2018-q2-update.win32_1.5.0.202011040924/tools/bin/../lib/gcc/arm-none-eabi/7.3.1/../../../../arm-none-eabi/lib/thumb/v7-m\libc_nano.a(lib_a-init.o)
 .ARM.attributes
                0x000000000000054e       0x2d c:/st/stm32cubeide_1.5.0/stm32cubeide/plugins/com.st.stm32cube.ide.mcu.externaltools.gnu-tools-for-stm32.7-2018-q2-update.win32_1.5.0.202011040924/tools/bin/../lib/gcc/arm-none-eabi/7.3.1/../../../../arm-none-eabi/lib/thumb/v7-m\libc_nano.a(lib_a-locale.o)
 .ARM.attributes
                0x000000000000057b       0x2d c:/st/stm32cubeide_1.5.0/stm32cubeide/plugins/com.st.stm32cube.ide.mcu.externaltools.gnu-tools-for-stm32.7-2018-q2-update.win32_1.5.0.202011040924/tools/bin/../lib/gcc/arm-none-eabi/7.3.1/../../../../arm-none-eabi/lib/thumb/v7-m\libc_nano.a(lib_a-mbtowc_r.o)
 .ARM.attributes
                0x00000000000005a8       0x2d c:/st/stm32cubeide_1.5.0/stm32cubeide/plugins/com.st.stm32cube.ide.mcu.externaltools.gnu-tools-for-stm32.7-2018-q2-update.win32_1.5.0.202011040924/tools/bin/../lib/gcc/arm-none-eabi/7.3.1/../../../../arm-none-eabi/lib/thumb/v7-m\libc_nano.a(lib_a-memcpy-stub.o)
 .ARM.attributes
                0x00000000000005d5       0x2d c:/st/stm32cubeide_1.5.0/stm32cubeide/plugins/com.st.stm32cube.ide.mcu.externaltools.gnu-tools-for-stm32.7-2018-q2-update.win32_1.5.0.202011040924/tools/bin/../lib/gcc/arm-none-eabi/7.3.1/../../../../arm-none-eabi/lib/thumb/v7-m\libc_nano.a(lib_a-memmove.o)
 .ARM.attributes
                0x0000000000000602       0x2d c:/st/stm32cubeide_1.5.0/stm32cubeide/plugins/com.st.stm32cube.ide.mcu.externaltools.gnu-tools-for-stm32.7-2018-q2-update.win32_1.5.0.202011040924/tools/bin/../lib/gcc/arm-none-eabi/7.3.1/../../../../arm-none-eabi/lib/thumb/v7-m\libc_nano.a(lib_a-memset.o)
 .ARM.attributes
                0x000000000000062f       0x2d c:/st/stm32cubeide_1.5.0/stm32cubeide/plugins/com.st.stm32cube.ide.mcu.externaltools.gnu-tools-for-stm32.7-2018-q2-update.win32_1.5.0.202011040924/tools/bin/../lib/gcc/arm-none-eabi/7.3.1/../../../../arm-none-eabi/lib/thumb/v7-m\libc_nano.a(lib_a-printf.o)
 .ARM.attributes
                0x000000000000065c       0x2d c:/st/stm32cubeide_1.5.0/stm32cubeide/plugins/com.st.stm32cube.ide.mcu.externaltools.gnu-tools-for-stm32.7-2018-q2-update.win32_1.5.0.202011040924/tools/bin/../lib/gcc/arm-none-eabi/7.3.1/../../../../arm-none-eabi/lib/thumb/v7-m\libc_nano.a(lib_a-puts.o)
 .ARM.attributes
                0x0000000000000689       0x17 c:/st/stm32cubeide_1.5.0/stm32cubeide/plugins/com.st.stm32cube.ide.mcu.externaltools.gnu-tools-for-stm32.7-2018-q2-update.win32_1.5.0.202011040924/tools/bin/../lib/gcc/arm-none-eabi/7.3.1/../../../../arm-none-eabi/lib/thumb/v7-m\libc_nano.a(lib_a-strlen.o)
 .ARM.attributes
                0x00000000000006a0       0x2d c:/st/stm32cubeide_1.5.0/stm32cubeide/plugins/com.st.stm32cube.ide.mcu.externaltools.gnu-tools-for-stm32.7-2018-q2-update.win32_1.5.0.202011040924/tools/bin/../lib/gcc/arm-none-eabi/7.3.1/../../../../arm-none-eabi/lib/thumb/v7-m\libc_nano.a(lib_a-strncasecmp.o)
 .ARM.attributes
                0x00000000000006cd       0x2d c:/st/stm32cubeide_1.5.0/stm32cubeide/plugins/com.st.stm32cube.ide.mcu.externaltools.gnu-tools-for-stm32.7-2018-q2-update.win32_1.5.0.202011040924/tools/bin/../lib/gcc/arm-none-eabi/7.3.1/../../../../arm-none-eabi/lib/thumb/v7-m\libc_nano.a(lib_a-strnlen.o)
 .ARM.attributes
                0x00000000000006fa       0x2d c:/st/stm32cubeide_1.5.0/stm32cubeide/plugins/com.st.stm32cube.ide.mcu.externaltools.gnu-tools-for-stm32.7-2018-q2-update.win32_1.5.0.202011040924/tools/bin/../lib/gcc/arm-none-eabi/7.3.1/../../../../arm-none-eabi/lib/thumb/v7-m\libc_nano.a(lib_a-strtol.o)
 .ARM.attributes
                0x0000000000000727       0x2d c:/st/stm32cubeide_1.5.0/stm32cubeide/plugins/com.st.stm32cube.ide.mcu.externaltools.gnu-tools-for-stm32.7-2018-q2-update.win32_1.5.0.202011040924/tools/bin/../lib/gcc/arm-none-eabi/7.3.1/../../../../arm-none-eabi/lib/thumb/v7-m\libc_nano.a(lib_a-strtoul.o)
 .ARM.attributes
                0x0000000000000754       0x2d c:/st/stm32cubeide_1.5.0/stm32cubeide/plugins/com.st.stm32cube.ide.mcu.externaltools.gnu-tools-for-stm32.7-2018-q2-update.win32_1.5.0.202011040924/tools/bin/../lib/gcc/arm-none-eabi/7.3.1/../../../../arm-none-eabi/lib/thumb/v7-m\libc_nano.a(lib_a-wbuf.o)
 .ARM.attributes
                0x0000000000000781       0x2d c:/st/stm32cubeide_1.5.0/stm32cubeide/plugins/com.st.stm32cube.ide.mcu.externaltools.gnu-tools-for-stm32.7-2018-q2-update.win32_1.5.0.202011040924/tools/bin/../lib/gcc/arm-none-eabi/7.3.1/../../../../arm-none-eabi/lib/thumb/v7-m\libc_nano.a(lib_a-wctomb_r.o)
 .ARM.attributes
                0x00000000000007ae       0x2d c:/st/stm32cubeide_1.5.0/stm32cubeide/plugins/com.st.stm32cube.ide.mcu.externaltools.gnu-tools-for-stm32.7-2018-q2-update.win32_1.5.0.202011040924/tools/bin/../lib/gcc/arm-none-eabi/7.3.1/../../../../arm-none-eabi/lib/thumb/v7-m\libc_nano.a(lib_a-wsetup.o)
 .ARM.attributes
                0x00000000000007db       0x2d c:/st/stm32cubeide_1.5.0/stm32cubeide/plugins/com.st.stm32cube.ide.mcu.externaltools.gnu-tools-for-stm32.7-2018-q2-update.win32_1.5.0.202011040924/tools/bin/../lib/gcc/arm-none-eabi/7.3.1/../../../../arm-none-eabi/lib/thumb/v7-m\libc_nano.a(lib_a-ctype_.o)
 .ARM.attributes
                0x0000000000000808       0x2d c:/st/stm32cubeide_1.5.0/stm32cubeide/plugins/com.st.stm32cube.ide.mcu.externaltools.gnu-tools-for-stm32.7-2018-q2-update.win32_1.5.0.202011040924/tools/bin/../lib/gcc/arm-none-eabi/7.3.1/../../../../arm-none-eabi/lib/thumb/v7-m\libc_nano.a(lib_a-fflush.o)
 .ARM.attributes
                0x0000000000000835       0x2d c:/st/stm32cubeide_1.5.0/stm32cubeide/plugins/com.st.stm32cube.ide.mcu.externaltools.gnu-tools-for-stm32.7-2018-q2-update.win32_1.5.0.202011040924/tools/bin/../lib/gcc/arm-none-eabi/7.3.1/../../../../arm-none-eabi/lib/thumb/v7-m\libc_nano.a(lib_a-findfp.o)
 .ARM.attributes
                0x0000000000000862       0x2d c:/st/stm32cubeide_1.5.0/stm32cubeide/plugins/com.st.stm32cube.ide.mcu.externaltools.gnu-tools-for-stm32.7-2018-q2-update.win32_1.5.0.202011040924/tools/bin/../lib/gcc/arm-none-eabi/7.3.1/../../../../arm-none-eabi/lib/thumb/v7-m\libc_nano.a(lib_a-fwalk.o)
 .ARM.attributes
                0x000000000000088f       0x2d c:/st/stm32cubeide_1.5.0/stm32cubeide/plugins/com.st.stm32cube.ide.mcu.externaltools.gnu-tools-for-stm32.7-2018-q2-update.win32_1.5.0.202011040924/tools/bin/../lib/gcc/arm-none-eabi/7.3.1/../../../../arm-none-eabi/lib/thumb/v7-m\libc_nano.a(lib_a-makebuf.o)
 .ARM.attributes
                0x00000000000008bc       0x2d c:/st/stm32cubeide_1.5.0/stm32cubeide/plugins/com.st.stm32cube.ide.mcu.externaltools.gnu-tools-for-stm32.7-2018-q2-update.win32_1.5.0.202011040924/tools/bin/../lib/gcc/arm-none-eabi/7.3.1/../../../../arm-none-eabi/lib/thumb/v7-m\libc_nano.a(lib_a-nano-freer.o)
 .ARM.attributes
                0x00000000000008e9       0x2d c:/st/stm32cubeide_1.5.0/stm32cubeide/plugins/com.st.stm32cube.ide.mcu.externaltools.gnu-tools-for-stm32.7-2018-q2-update.win32_1.5.0.202011040924/tools/bin/../lib/gcc/arm-none-eabi/7.3.1/../../../../arm-none-eabi/lib/thumb/v7-m\libc_nano.a(lib_a-nano-mallocr.o)
 .ARM.attributes
                0x0000000000000916       0x2d c:/st/stm32cubeide_1.5.0/stm32cubeide/plugins/com.st.stm32cube.ide.mcu.externaltools.gnu-tools-for-stm32.7-2018-q2-update.win32_1.5.0.202011040924/tools/bin/../lib/gcc/arm-none-eabi/7.3.1/../../../../arm-none-eabi/lib/thumb/v7-m\libc_nano.a(lib_a-nano-vfprintf.o)
 .ARM.attributes
                0x0000000000000943       0x2d c:/st/stm32cubeide_1.5.0/stm32cubeide/plugins/com.st.stm32cube.ide.mcu.externaltools.gnu-tools-for-stm32.7-2018-q2-update.win32_1.5.0.202011040924/tools/bin/../lib/gcc/arm-none-eabi/7.3.1/../../../../arm-none-eabi/lib/thumb/v7-m\libc_nano.a(lib_a-nano-vfprintf_i.o)
 .ARM.attributes
                0x0000000000000970       0x2d c:/st/stm32cubeide_1.5.0/stm32cubeide/plugins/com.st.stm32cube.ide.mcu.externaltools.gnu-tools-for-stm32.7-2018-q2-update.win32_1.5.0.202011040924/tools/bin/../lib/gcc/arm-none-eabi/7.3.1/../../../../arm-none-eabi/lib/thumb/v7-m\libc_nano.a(lib_a-sbrkr.o)
 .ARM.attributes
                0x000000000000099d       0x2d c:/st/stm32cubeide_1.5.0/stm32cubeide/plugins/com.st.stm32cube.ide.mcu.externaltools.gnu-tools-for-stm32.7-2018-q2-update.win32_1.5.0.202011040924/tools/bin/../lib/gcc/arm-none-eabi/7.3.1/../../../../arm-none-eabi/lib/thumb/v7-m\libc_nano.a(lib_a-stdio.o)
 .ARM.attributes
                0x00000000000009ca       0x2d c:/st/stm32cubeide_1.5.0/stm32cubeide/plugins/com.st.stm32cube.ide.mcu.externaltools.gnu-tools-for-stm32.7-2018-q2-update.win32_1.5.0.202011040924/tools/bin/../lib/gcc/arm-none-eabi/7.3.1/../../../../arm-none-eabi/lib/thumb/v7-m\libc_nano.a(lib_a-writer.o)
 .ARM.attributes
                0x00000000000009f7       0x2d c:/st/stm32cubeide_1.5.0/stm32cubeide/plugins/com.st.stm32cube.ide.mcu.externaltools.gnu-tools-for-stm32.7-2018-q2-update.win32_1.5.0.202011040924/tools/bin/../lib/gcc/arm-none-eabi/7.3.1/../../../../arm-none-eabi/lib/thumb/v7-m\libc_nano.a(lib_a-closer.o)
 .ARM.attributes
                0x0000000000000a24       0x2d c:/st/stm32cubeide_1.5.0/stm32cubeide/plugins/com.st.stm32cube.ide.mcu.externaltools.gnu-tools-for-stm32.7-2018-q2-update.win32_1.5.0.202011040924/tools/bin/../lib/gcc/arm-none-eabi/7.3.1/../../../../arm-none-eabi/lib/thumb/v7-m\libc_nano.a(lib_a-fstatr.o)
 .ARM.attributes
                0x0000000000000a51       0x2d c:/st/stm32cubeide_1.5.0/stm32cubeide/plugins/com.st.stm32cube.ide.mcu.externaltools.gnu-tools-for-stm32.7-2018-q2-update.win32_1.5.0.202011040924/tools/bin/../lib/gcc/arm-none-eabi/7.3.1/../../../../arm-none-eabi/lib/thumb/v7-m\libc_nano.a(lib_a-isattyr.o)
 .ARM.attributes
                0x0000000000000a7e       0x2d c:/st/stm32cubeide_1.5.0/stm32cubeide/plugins/com.st.stm32cube.ide.mcu.externaltools.gnu-tools-for-stm32.7-2018-q2-update.win32_1.5.0.202011040924/tools/bin/../lib/gcc/arm-none-eabi/7.3.1/../../../../arm-none-eabi/lib/thumb/v7-m\libc_nano.a(lib_a-lseekr.o)
 .ARM.attributes
                0x0000000000000aab       0x2d c:/st/stm32cubeide_1.5.0/stm32cubeide/plugins/com.st.stm32cube.ide.mcu.externaltools.gnu-tools-for-stm32.7-2018-q2-update.win32_1.5.0.202011040924/tools/bin/../lib/gcc/arm-none-eabi/7.3.1/../../../../arm-none-eabi/lib/thumb/v7-m\libc_nano.a(lib_a-memchr-stub.o)
 .ARM.attributes
                0x0000000000000ad8       0x2d c:/st/stm32cubeide_1.5.0/stm32cubeide/plugins/com.st.stm32cube.ide.mcu.externaltools.gnu-tools-for-stm32.7-2018-q2-update.win32_1.5.0.202011040924/tools/bin/../lib/gcc/arm-none-eabi/7.3.1/../../../../arm-none-eabi/lib/thumb/v7-m\libc_nano.a(lib_a-mlock.o)
 .ARM.attributes
                0x0000000000000b05       0x2d c:/st/stm32cubeide_1.5.0/stm32cubeide/plugins/com.st.stm32cube.ide.mcu.externaltools.gnu-tools-for-stm32.7-2018-q2-update.win32_1.5.0.202011040924/tools/bin/../lib/gcc/arm-none-eabi/7.3.1/../../../../arm-none-eabi/lib/thumb/v7-m\libc_nano.a(lib_a-readr.o)
 .ARM.attributes
                0x0000000000000b32       0x2d c:/st/stm32cubeide_1.5.0/stm32cubeide/plugins/com.st.stm32cube.ide.mcu.externaltools.gnu-tools-for-stm32.7-2018-q2-update.win32_1.5.0.202011040924/tools/bin/../lib/gcc/arm-none-eabi/7.3.1/../../../../arm-none-eabi/lib/thumb/v7-m\libc_nano.a(lib_a-reent.o)
 .ARM.attributes
                0x0000000000000b5f       0x1d c:/st/stm32cubeide_1.5.0/stm32cubeide/plugins/com.st.stm32cube.ide.mcu.externaltools.gnu-tools-for-stm32.7-2018-q2-update.win32_1.5.0.202011040924/tools/bin/../lib/gcc/arm-none-eabi/7.3.1/thumb/v7-m/crtn.o
OUTPUT(Travis_CI_Test_f103rb.elf elf32-littlearm)

.debug_info     0x0000000000000000    0x157cc
 .debug_info    0x0000000000000000     0x1cb3 Core/Src/main.o
 .debug_info    0x0000000000001cb3     0x1210 Core/Src/scpi-def.o
 .debug_info    0x0000000000002ec3      0x978 Core/Src/stm32f1xx_hal_msp.o
 .debug_info    0x000000000000383b     0x1759 Core/Src/stm32f1xx_it.o
 .debug_info    0x0000000000004f94      0xebd Core/Src/syscalls.o
 .debug_info    0x0000000000005e51      0x985 Core/Src/sysmem.o
 .debug_info    0x00000000000067d6      0x29a Core/Src/system_stm32f1xx.o
 .debug_info    0x0000000000006a70       0x22 Core/Startup/startup_stm32f103rbtx.o
 .debug_info    0x0000000000006a92      0x714 Drivers/STM32F1xx_HAL_Driver/Src/stm32f1xx_hal.o
 .debug_info    0x00000000000071a6      0xb51 Drivers/STM32F1xx_HAL_Driver/Src/stm32f1xx_hal_cortex.o
 .debug_info    0x0000000000007cf7      0x7b1 Drivers/STM32F1xx_HAL_Driver/Src/stm32f1xx_hal_dma.o
 .debug_info    0x00000000000084a8      0x69b Drivers/STM32F1xx_HAL_Driver/Src/stm32f1xx_hal_gpio.o
 .debug_info    0x0000000000008b43      0x80f Drivers/STM32F1xx_HAL_Driver/Src/stm32f1xx_hal_rcc.o
 .debug_info    0x0000000000009352     0x121b Drivers/STM32F1xx_HAL_Driver/Src/stm32f1xx_hal_uart.o
 .debug_info    0x000000000000a56d     0x1447 Drivers/libscpi/src/error.o
 .debug_info    0x000000000000b9b4      0x2c8 Drivers/libscpi/src/fifo.o
 .debug_info    0x000000000000bc7c     0x15be Drivers/libscpi/src/ieee488.o
 .debug_info    0x000000000000d23a     0x13ed Drivers/libscpi/src/lexer.o
 .debug_info    0x000000000000e627     0x1373 Drivers/libscpi/src/minimal.o
 .debug_info    0x000000000000f99a     0x322b Drivers/libscpi/src/parser.o
 .debug_info    0x0000000000012bc5     0x150e Drivers/libscpi/src/units.o
 .debug_info    0x00000000000140d3     0x16f9 Drivers/libscpi/src/utils.o

.debug_abbrev   0x0000000000000000     0x2da8
 .debug_abbrev  0x0000000000000000      0x2fa Core/Src/main.o
 .debug_abbrev  0x00000000000002fa      0x1ba Core/Src/scpi-def.o
 .debug_abbrev  0x00000000000004b4      0x195 Core/Src/stm32f1xx_hal_msp.o
 .debug_abbrev  0x0000000000000649      0x1ec Core/Src/stm32f1xx_it.o
 .debug_abbrev  0x0000000000000835      0x261 Core/Src/syscalls.o
 .debug_abbrev  0x0000000000000a96      0x19b Core/Src/sysmem.o
 .debug_abbrev  0x0000000000000c31      0x134 Core/Src/system_stm32f1xx.o
 .debug_abbrev  0x0000000000000d65       0x12 Core/Startup/startup_stm32f103rbtx.o
 .debug_abbrev  0x0000000000000d77      0x1c7 Drivers/STM32F1xx_HAL_Driver/Src/stm32f1xx_hal.o
 .debug_abbrev  0x0000000000000f3e      0x2d5 Drivers/STM32F1xx_HAL_Driver/Src/stm32f1xx_hal_cortex.o
 .debug_abbrev  0x0000000000001213      0x1fe Drivers/STM32F1xx_HAL_Driver/Src/stm32f1xx_hal_dma.o
 .debug_abbrev  0x0000000000001411      0x1c0 Drivers/STM32F1xx_HAL_Driver/Src/stm32f1xx_hal_gpio.o
 .debug_abbrev  0x00000000000015d1      0x243 Drivers/STM32F1xx_HAL_Driver/Src/stm32f1xx_hal_rcc.o
 .debug_abbrev  0x0000000000001814      0x242 Drivers/STM32F1xx_HAL_Driver/Src/stm32f1xx_hal_uart.o