parser.c:56:15:writeData	24	static
parser.c:69:12:flushData	16	static
parser.c:82:15:writeDelimiter	16	static
parser.c:95:15:writeNewLine	24	static
parser.c:114:15:writeSemicolon	16	static
parser.c:126:20:processCommand	32	static
parser.c:167:20:findCommandHeader	40	static
parser.c:188:13:SCPI_Parse	56	static
parser.c:262:6:SCPI_Init	24	static
parser.c:308:13:SCPI_Input	40	static
parser.c:361:8:SCPI_ResultCharacters	32	static
parser.c:374:21:getBasePrefix	16	static
parser.c:391:15:resultUInt32BaseSign	80	static
parser.c:417:15:resultUInt64BaseSign	112	static
parser.c:441:8:SCPI_ResultInt32	16	static
parser.c:452:8:SCPI_ResultUInt32Base	24	static
parser.c:462:8:SCPI_ResultInt64	40	static
parser.c:472:8:SCPI_ResultUInt64Base	32	static
parser.c:482:8:SCPI_ResultFloat	56	static
parser.c:498:8:SCPI_ResultDouble	64	static
parser.c:514:8:SCPI_ResultText	32	static
parser.c:543:8:SCPI_ResultError	48	static
parser.c:608:8:SCPI_ResultArbitraryBlockHeader	32	static
parser.c:628:8:SCPI_ResultArbitraryBlockData	24	static
parser.c:651:8:SCPI_ResultArbitraryBlock	32	static
parser.c:664:8:SCPI_ResultBool	16	static
parser.c:675:13:invalidateToken	16	static
parser.c:688:13:SCPI_Parameter	32	static
parser.c:746:13:SCPI_ParamIsNumber	16	static
parser.c:768:20:ParamSignToUInt32	24	static
parser.c:802:20:ParamSignToUInt64	24	static
parser.c:835:13:SCPI_ParamToInt32	24	static
parser.c:846:13:SCPI_ParamToUInt32	24	static
parser.c:857:13:SCPI_ParamToInt64	24	static
parser.c:868:13:SCPI_ParamToUInt64	24	static
parser.c:879:13:SCPI_ParamToFloat	32	static
parser.c:912:13:SCPI_ParamToDouble	48	static
parser.c:945:13:SCPI_ParamFloat	40	static
parser.c:976:13:SCPI_ParamDouble	40	static
parser.c:1008:20:ParamSignUInt32	40	static
parser.c:1040:20:ParamSignUInt64	40	static
parser.c:1071:13:SCPI_ParamInt32	24	static
parser.c:1082:13:SCPI_ParamUInt32	24	static
parser.c:1093:13:SCPI_ParamInt64	24	static
parser.c:1104:13:SCPI_ParamUInt64	24	static
parser.c:1116:13:SCPI_ParamCharacters	40	static
parser.c:1153:13:SCPI_ParamArbitraryBlock	40	static
parser.c:1176:13:SCPI_ParamCopyText	56	static
parser.c:1227:13:SCPI_ParamToChoice	48	static
parser.c:1262:13:SCPI_ChoiceToName	32	static
parser.c:1291:13:SCPI_ParamBool	48	static
parser.c:1326:13:SCPI_ParamChoice	40	static
parser.c:1349:5:scpiParser_parseProgramData	48	static
parser.c:1388:5:scpiParser_parseAllProgramData	48	static
parser.c:1438:5:scpiParser_detectProgramMessageUnit	56	static
parser.c:1491:13:SCPI_IsCmd	32	static
parser.c:1509:9:SCPI_CmdTag	16	static
parser.c:1518:13:SCPI_Match	32	static
parser.c:1522:13:SCPI_CommandNumbers	32	static
parser.c:1532:13:SCPI_ParamIsValid	16	static
parser.c:1541:13:SCPI_ParamErrorOccurred	16	static
parser.c:1554:15:produceResultArrayBinary	56	static
parser.c:1632:8:SCPI_ResultArrayInt8	40	static
parser.c:1644:8:SCPI_ResultArrayUInt8	40	static
parser.c:1656:8:SCPI_ResultArrayInt16	40	static
parser.c:1668:8:SCPI_ResultArrayUInt16	40	static
parser.c:1680:8:SCPI_ResultArrayInt32	40	static
parser.c:1692:8:SCPI_ResultArrayUInt32	40	static
parser.c:1704:8:SCPI_ResultArrayInt64	48	static
parser.c:1716:8:SCPI_ResultArrayUInt64	48	static
parser.c:1728:8:SCPI_ResultArrayFloat	40	static
parser.c:1740:8:SCPI_ResultArrayDouble	48	static
parser.c:1767:13:SCPI_ParamArrayInt32	24	static
parser.c:1780:13:SCPI_ParamArrayUInt32	24	static
parser.c:1793:13:SCPI_ParamArrayInt64	24	static
parser.c:1806:13:SCPI_ParamArrayUInt64	24	static
parser.c:1819:13:SCPI_ParamArrayFloat	24	static
parser.c:1832:13:SCPI_ParamArrayDouble	24	static
