utils.c:58:8:strnpbrk	40	static
utils.c:80:8:UInt32ToStrBaseSign	72	static
utils.c:141:8:SCPI_Int32ToStr	32	static
utils.c:153:8:SCPI_UInt32ToStrBase	32	static
utils.c:166:8:UInt64ToStrBaseSign	88	static
utils.c:227:8:SCPI_Int64ToStr	32	static
utils.c:239:8:SCPI_UInt64ToStrBase	32	static
utils.c:250:8:SCPI_FloatToStr	40	static
utils.c:262:8:SCPI_DoubleToStr	40	static
utils.c:273:8:strBaseToInt32	32	static
utils.c:285:8:strBaseToUInt32	32	static
utils.c:297:8:strBaseToInt64	40	static
utils.c:309:8:strBaseToUInt64	40	static
utils.c:321:8:strToFloat	24	static
utils.c:333:8:strToDouble	32	static
utils.c:347:13:compareStr	24	static
utils.c:367:13:compareStrAndNum	40	static
utils.c:409:8:skipWhitespace	24	static
utils.c:426:15:patternSeparatorShortPos	24	static
utils.c:442:15:patternSeparatorPos	24	static
utils.c:458:15:cmdSeparatorPos	24	static
utils.c:478:13:matchPattern	40	static
utils.c:504:13:matchCommand	72	static
utils.c:678:13:composeCompoundCommand	24	static
utils.c:937:14:scpi_ecvt	64	static
utils.c:1007:8:SCPI_dtostre	96	static
utils.c:1096:21:SCPI_GetNativeFormat	16	static
utils.c:1111:10:SCPI_Swap16	16	static
utils.c:1121:10:SCPI_Swap32	16	static
utils.c:1133:10:SCPI_Swap64	32	static
